# check prac4
date
Tue Nov 17 19:09:26 UTC 2020
hostname
safer
ip address
1: lo: <LOOPBACK,UP,LOWER_UP> mtu 65536 qdisc noqueue state UNKNOWN group default qlen 1000
    link/loopback 00:00:00:00:00:00 brd 00:00:00:00:00:00
    inet 127.0.0.1/8 scope host lo
       valid_lft forever preferred_lft forever
    inet6 ::1/128 scope host 
       valid_lft forever preferred_lft forever
2: ens33: <BROADCAST,MULTICAST,UP,LOWER_UP> mtu 1500 qdisc fq_codel state UP group default qlen 1000
    link/ether 00:0c:29:5b:05:21 brd ff:ff:ff:ff:ff:ff
    inet 172.16.251.139/24 brd 172.16.251.255 scope global dynamic ens33
       valid_lft 1357sec preferred_lft 1357sec
    inet6 fe80::20c:29ff:fe5b:521/64 scope link 
       valid_lft forever preferred_lft forever
whoami
root
last
clembo   tty1                          Tue Nov 17 16:56    gone - no logout
reboot   system boot  4.15.0-123-gener Tue Nov 17 16:56   still running
clembo   tty1                          Tue Nov 17 16:48 - down   (00:07)
reboot   system boot  4.15.0-123-gener Tue Nov 17 16:47 - 16:55  (00:08)

wtmp begins Tue Nov 17 16:47:36 2020
tail /etc/passwd
_apt:x:104:65534::/nonexistent:/usr/sbin/nologin
lxd:x:105:65534::/var/lib/lxd/:/bin/false
uuidd:x:106:110::/run/uuidd:/usr/sbin/nologin
dnsmasq:x:107:65534:dnsmasq,,,:/var/lib/misc:/usr/sbin/nologin
landscape:x:108:112::/var/lib/landscape:/usr/sbin/nologin
pollinate:x:109:1::/var/cache/pollinate:/bin/false
clembo:x:1000:1000:myvm:/home/clembo:/bin/bash
sshd:x:110:65534::/run/sshd:/usr/sbin/nologin
postfix:x:111:114::/var/spool/postfix:/usr/sbin/nologin
t:x:1001:1001:,,,:/home/t:/bin/bash
uname -a
Linux safer 4.15.0-123-generic #126-Ubuntu SMP Wed Oct 21 09:40:11 UTC 2020 x86_64 x86_64 x86_64 GNU/Linux
lsb_release -a
No LSB modules are available.
Distributor ID:	Ubuntu
Description:	Ubuntu 18.04.4 LTS
Release:	18.04
Codename:	bionic
dmesg
[    0.000000] Linux version 4.15.0-123-generic (buildd@lcy01-amd64-017) (gcc version 7.5.0 (Ubuntu 7.5.0-3ubuntu1~18.04)) #126-Ubuntu SMP Wed Oct 21 09:40:11 UTC 2020 (Ubuntu 4.15.0-123.126-generic 4.15.18)
[    0.000000] Command line: BOOT_IMAGE=/vmlinuz-4.15.0-123-generic root=/dev/mapper/ubuntu--vg-ubuntu--lv ro debian-installer/custom-installation=/custom find_preseed=/preseed.cfg auto preseed/file=/floppy/preseed.cfg automatic-ubiquity noprompt priority=critical locale=en_US console-setup/modelcode=evdev
[    0.000000] KERNEL supported cpus:
[    0.000000]   Intel GenuineIntel
[    0.000000]   AMD AuthenticAMD
[    0.000000]   Centaur CentaurHauls
[    0.000000] Disabled fast string operations
[    0.000000] x86/fpu: Supporting XSAVE feature 0x001: 'x87 floating point registers'
[    0.000000] x86/fpu: Supporting XSAVE feature 0x002: 'SSE registers'
[    0.000000] x86/fpu: Supporting XSAVE feature 0x004: 'AVX registers'
[    0.000000] x86/fpu: xstate_offset[2]:  576, xstate_sizes[2]:  256
[    0.000000] x86/fpu: Enabled xstate features 0x7, context size is 832 bytes, using 'standard' format.
[    0.000000] e820: BIOS-provided physical RAM map:
[    0.000000] BIOS-e820: [mem 0x0000000000000000-0x000000000009e7ff] usable
[    0.000000] BIOS-e820: [mem 0x000000000009e800-0x000000000009ffff] reserved
[    0.000000] BIOS-e820: [mem 0x00000000000dc000-0x00000000000fffff] reserved
[    0.000000] BIOS-e820: [mem 0x0000000000100000-0x00000000bfecffff] usable
[    0.000000] BIOS-e820: [mem 0x00000000bfed0000-0x00000000bfefefff] ACPI data
[    0.000000] BIOS-e820: [mem 0x00000000bfeff000-0x00000000bfefffff] ACPI NVS
[    0.000000] BIOS-e820: [mem 0x00000000bff00000-0x00000000bfffffff] usable
[    0.000000] BIOS-e820: [mem 0x00000000f0000000-0x00000000f7ffffff] reserved
[    0.000000] BIOS-e820: [mem 0x00000000fec00000-0x00000000fec0ffff] reserved
[    0.000000] BIOS-e820: [mem 0x00000000fee00000-0x00000000fee00fff] reserved
[    0.000000] BIOS-e820: [mem 0x00000000fffe0000-0x00000000ffffffff] reserved
[    0.000000] BIOS-e820: [mem 0x0000000100000000-0x000000013fffffff] usable
[    0.000000] NX (Execute Disable) protection: active
[    0.000000] SMBIOS 2.7 present.
[    0.000000] DMI: VMware, Inc. VMware Virtual Platform/440BX Desktop Reference Platform, BIOS 6.00 02/27/2020
[    0.000000] Hypervisor detected: VMware
[    0.000000] vmware: TSC freq read from hypervisor : 2700.075 MHz
[    0.000000] vmware: Host bus clock speed read from hypervisor : 66000000 Hz
[    0.000000] vmware: using sched offset of 5229721175 ns
[    0.000000] e820: update [mem 0x00000000-0x00000fff] usable ==> reserved
[    0.000000] e820: remove [mem 0x000a0000-0x000fffff] usable
[    0.000000] e820: last_pfn = 0x140000 max_arch_pfn = 0x400000000
[    0.000000] MTRR default type: uncachable
[    0.000000] MTRR fixed ranges enabled:
[    0.000000]   00000-9FFFF write-back
[    0.000000]   A0000-BFFFF uncachable
[    0.000000]   C0000-CFFFF write-protect
[    0.000000]   D0000-EFFFF uncachable
[    0.000000]   F0000-FFFFF write-protect
[    0.000000] MTRR variable ranges enabled:
[    0.000000]   0 base 00000000000 mask 7E000000000 write-back
[    0.000000]   1 base 000C0000000 mask 7FFC0000000 uncachable
[    0.000000]   2 disabled
[    0.000000]   3 disabled
[    0.000000]   4 disabled
[    0.000000]   5 disabled
[    0.000000]   6 disabled
[    0.000000]   7 disabled
[    0.000000] x86/PAT: Configuration [0-7]: WB  WC  UC- UC  WB  WP  UC- WT  
[    0.000000] total RAM covered: 130048M
[    0.000000] Found optimal setting for mtrr clean up
[    0.000000]  gran_size: 64K 	chunk_size: 64K 	num_reg: 7  	lose cover RAM: 0G
[    0.000000] e820: update [mem 0xc0000000-0xffffffff] usable ==> reserved
[    0.000000] e820: last_pfn = 0xc0000 max_arch_pfn = 0x400000000
[    0.000000] found SMP MP-table at [mem 0x000f6a70-0x000f6a7f]
[    0.000000] Scanning 1 areas for low memory corruption
[    0.000000] Using GB pages for direct mapping
[    0.000000] RAMDISK: [mem 0x3106d000-0x3482dfff]
[    0.000000] ACPI: Early table checksum verification disabled
[    0.000000] ACPI: RSDP 0x00000000000F6A00 000024 (v02 PTLTD )
[    0.000000] ACPI: XSDT 0x00000000BFEDC633 00005C (v01 INTEL  440BX    06040000 VMW  01324272)
[    0.000000] ACPI: FACP 0x00000000BFEFEE73 0000F4 (v04 INTEL  440BX    06040000 PTL  000F4240)
[    0.000000] ACPI: DSDT 0x00000000BFEDD9E8 02148B (v01 PTLTD  Custom   06040000 MSFT 03000001)
[    0.000000] ACPI: FACS 0x00000000BFEFFFC0 000040
[    0.000000] ACPI: FACS 0x00000000BFEFFFC0 000040
[    0.000000] ACPI: BOOT 0x00000000BFEDD9C0 000028 (v01 PTLTD  $SBFTBL$ 06040000  LTP 00000001)
[    0.000000] ACPI: APIC 0x00000000BFEDD27E 000742 (v01 PTLTD  ? APIC   06040000  LTP 00000000)
[    0.000000] ACPI: MCFG 0x00000000BFEDD242 00003C (v01 PTLTD  $PCITBL$ 06040000  LTP 00000001)
[    0.000000] ACPI: SRAT 0x00000000BFEDC72F 0008D0 (v02 VMWARE MEMPLUG  06040000 VMW  00000001)
[    0.000000] ACPI: HPET 0x00000000BFEDC6F7 000038 (v01 VMWARE VMW HPET 06040000 VMW  00000001)
[    0.000000] ACPI: WAET 0x00000000BFEDC6CF 000028 (v01 VMWARE VMW WAET 06040000 VMW  00000001)
[    0.000000] ACPI: Local APIC address 0xfee00000
[    0.000000] system APIC only can use physical flat
[    0.000000] Setting APIC routing to physical flat.
[    0.000000] SRAT: PXM 0 -> APIC 0x00 -> Node 0
[    0.000000] SRAT: PXM 0 -> APIC 0x02 -> Node 0
[    0.000000] SRAT: PXM 0 -> APIC 0x04 -> Node 0
[    0.000000] SRAT: PXM 0 -> APIC 0x06 -> Node 0
[    0.000000] SRAT: PXM 0 -> APIC 0x08 -> Node 0
[    0.000000] SRAT: PXM 0 -> APIC 0x0a -> Node 0
[    0.000000] SRAT: PXM 0 -> APIC 0x0c -> Node 0
[    0.000000] SRAT: PXM 0 -> APIC 0x0e -> Node 0
[    0.000000] SRAT: PXM 0 -> APIC 0x10 -> Node 0
[    0.000000] SRAT: PXM 0 -> APIC 0x12 -> Node 0
[    0.000000] SRAT: PXM 0 -> APIC 0x14 -> Node 0
[    0.000000] SRAT: PXM 0 -> APIC 0x16 -> Node 0
[    0.000000] SRAT: PXM 0 -> APIC 0x18 -> Node 0
[    0.000000] SRAT: PXM 0 -> APIC 0x1a -> Node 0
[    0.000000] SRAT: PXM 0 -> APIC 0x1c -> Node 0
[    0.000000] SRAT: PXM 0 -> APIC 0x1e -> Node 0
[    0.000000] SRAT: PXM 0 -> APIC 0x20 -> Node 0
[    0.000000] SRAT: PXM 0 -> APIC 0x22 -> Node 0
[    0.000000] SRAT: PXM 0 -> APIC 0x24 -> Node 0
[    0.000000] SRAT: PXM 0 -> APIC 0x26 -> Node 0
[    0.000000] SRAT: PXM 0 -> APIC 0x28 -> Node 0
[    0.000000] SRAT: PXM 0 -> APIC 0x2a -> Node 0
[    0.000000] SRAT: PXM 0 -> APIC 0x2c -> Node 0
[    0.000000] SRAT: PXM 0 -> APIC 0x2e -> Node 0
[    0.000000] SRAT: PXM 0 -> APIC 0x30 -> Node 0
[    0.000000] SRAT: PXM 0 -> APIC 0x32 -> Node 0
[    0.000000] SRAT: PXM 0 -> APIC 0x34 -> Node 0
[    0.000000] SRAT: PXM 0 -> APIC 0x36 -> Node 0
[    0.000000] SRAT: PXM 0 -> APIC 0x38 -> Node 0
[    0.000000] SRAT: PXM 0 -> APIC 0x3a -> Node 0
[    0.000000] SRAT: PXM 0 -> APIC 0x3c -> Node 0
[    0.000000] SRAT: PXM 0 -> APIC 0x3e -> Node 0
[    0.000000] SRAT: PXM 0 -> APIC 0x40 -> Node 0
[    0.000000] SRAT: PXM 0 -> APIC 0x42 -> Node 0
[    0.000000] SRAT: PXM 0 -> APIC 0x44 -> Node 0
[    0.000000] SRAT: PXM 0 -> APIC 0x46 -> Node 0
[    0.000000] SRAT: PXM 0 -> APIC 0x48 -> Node 0
[    0.000000] SRAT: PXM 0 -> APIC 0x4a -> Node 0
[    0.000000] SRAT: PXM 0 -> APIC 0x4c -> Node 0
[    0.000000] SRAT: PXM 0 -> APIC 0x4e -> Node 0
[    0.000000] SRAT: PXM 0 -> APIC 0x50 -> Node 0
[    0.000000] SRAT: PXM 0 -> APIC 0x52 -> Node 0
[    0.000000] SRAT: PXM 0 -> APIC 0x54 -> Node 0
[    0.000000] SRAT: PXM 0 -> APIC 0x56 -> Node 0
[    0.000000] SRAT: PXM 0 -> APIC 0x58 -> Node 0
[    0.000000] SRAT: PXM 0 -> APIC 0x5a -> Node 0
[    0.000000] SRAT: PXM 0 -> APIC 0x5c -> Node 0
[    0.000000] SRAT: PXM 0 -> APIC 0x5e -> Node 0
[    0.000000] SRAT: PXM 0 -> APIC 0x60 -> Node 0
[    0.000000] SRAT: PXM 0 -> APIC 0x62 -> Node 0
[    0.000000] SRAT: PXM 0 -> APIC 0x64 -> Node 0
[    0.000000] SRAT: PXM 0 -> APIC 0x66 -> Node 0
[    0.000000] SRAT: PXM 0 -> APIC 0x68 -> Node 0
[    0.000000] SRAT: PXM 0 -> APIC 0x6a -> Node 0
[    0.000000] SRAT: PXM 0 -> APIC 0x6c -> Node 0
[    0.000000] SRAT: PXM 0 -> APIC 0x6e -> Node 0
[    0.000000] SRAT: PXM 0 -> APIC 0x70 -> Node 0
[    0.000000] SRAT: PXM 0 -> APIC 0x72 -> Node 0
[    0.000000] SRAT: PXM 0 -> APIC 0x74 -> Node 0
[    0.000000] SRAT: PXM 0 -> APIC 0x76 -> Node 0
[    0.000000] SRAT: PXM 0 -> APIC 0x78 -> Node 0
[    0.000000] SRAT: PXM 0 -> APIC 0x7a -> Node 0
[    0.000000] SRAT: PXM 0 -> APIC 0x7c -> Node 0
[    0.000000] SRAT: PXM 0 -> APIC 0x7e -> Node 0
[    0.000000] SRAT: PXM 0 -> APIC 0x80 -> Node 0
[    0.000000] SRAT: PXM 0 -> APIC 0x82 -> Node 0
[    0.000000] SRAT: PXM 0 -> APIC 0x84 -> Node 0
[    0.000000] SRAT: PXM 0 -> APIC 0x86 -> Node 0
[    0.000000] SRAT: PXM 0 -> APIC 0x88 -> Node 0
[    0.000000] SRAT: PXM 0 -> APIC 0x8a -> Node 0
[    0.000000] SRAT: PXM 0 -> APIC 0x8c -> Node 0
[    0.000000] SRAT: PXM 0 -> APIC 0x8e -> Node 0
[    0.000000] SRAT: PXM 0 -> APIC 0x90 -> Node 0
[    0.000000] SRAT: PXM 0 -> APIC 0x92 -> Node 0
[    0.000000] SRAT: PXM 0 -> APIC 0x94 -> Node 0
[    0.000000] SRAT: PXM 0 -> APIC 0x96 -> Node 0
[    0.000000] SRAT: PXM 0 -> APIC 0x98 -> Node 0
[    0.000000] SRAT: PXM 0 -> APIC 0x9a -> Node 0
[    0.000000] SRAT: PXM 0 -> APIC 0x9c -> Node 0
[    0.000000] SRAT: PXM 0 -> APIC 0x9e -> Node 0
[    0.000000] SRAT: PXM 0 -> APIC 0xa0 -> Node 0
[    0.000000] SRAT: PXM 0 -> APIC 0xa2 -> Node 0
[    0.000000] SRAT: PXM 0 -> APIC 0xa4 -> Node 0
[    0.000000] SRAT: PXM 0 -> APIC 0xa6 -> Node 0
[    0.000000] SRAT: PXM 0 -> APIC 0xa8 -> Node 0
[    0.000000] SRAT: PXM 0 -> APIC 0xaa -> Node 0
[    0.000000] SRAT: PXM 0 -> APIC 0xac -> Node 0
[    0.000000] SRAT: PXM 0 -> APIC 0xae -> Node 0
[    0.000000] SRAT: PXM 0 -> APIC 0xb0 -> Node 0
[    0.000000] SRAT: PXM 0 -> APIC 0xb2 -> Node 0
[    0.000000] SRAT: PXM 0 -> APIC 0xb4 -> Node 0
[    0.000000] SRAT: PXM 0 -> APIC 0xb6 -> Node 0
[    0.000000] SRAT: PXM 0 -> APIC 0xb8 -> Node 0
[    0.000000] SRAT: PXM 0 -> APIC 0xba -> Node 0
[    0.000000] SRAT: PXM 0 -> APIC 0xbc -> Node 0
[    0.000000] SRAT: PXM 0 -> APIC 0xbe -> Node 0
[    0.000000] SRAT: PXM 0 -> APIC 0xc0 -> Node 0
[    0.000000] SRAT: PXM 0 -> APIC 0xc2 -> Node 0
[    0.000000] SRAT: PXM 0 -> APIC 0xc4 -> Node 0
[    0.000000] SRAT: PXM 0 -> APIC 0xc6 -> Node 0
[    0.000000] SRAT: PXM 0 -> APIC 0xc8 -> Node 0
[    0.000000] SRAT: PXM 0 -> APIC 0xca -> Node 0
[    0.000000] SRAT: PXM 0 -> APIC 0xcc -> Node 0
[    0.000000] SRAT: PXM 0 -> APIC 0xce -> Node 0
[    0.000000] SRAT: PXM 0 -> APIC 0xd0 -> Node 0
[    0.000000] SRAT: PXM 0 -> APIC 0xd2 -> Node 0
[    0.000000] SRAT: PXM 0 -> APIC 0xd4 -> Node 0
[    0.000000] SRAT: PXM 0 -> APIC 0xd6 -> Node 0
[    0.000000] SRAT: PXM 0 -> APIC 0xd8 -> Node 0
[    0.000000] SRAT: PXM 0 -> APIC 0xda -> Node 0
[    0.000000] SRAT: PXM 0 -> APIC 0xdc -> Node 0
[    0.000000] SRAT: PXM 0 -> APIC 0xde -> Node 0
[    0.000000] SRAT: PXM 0 -> APIC 0xe0 -> Node 0
[    0.000000] SRAT: PXM 0 -> APIC 0xe2 -> Node 0
[    0.000000] SRAT: PXM 0 -> APIC 0xe4 -> Node 0
[    0.000000] SRAT: PXM 0 -> APIC 0xe6 -> Node 0
[    0.000000] SRAT: PXM 0 -> APIC 0xe8 -> Node 0
[    0.000000] SRAT: PXM 0 -> APIC 0xea -> Node 0
[    0.000000] SRAT: PXM 0 -> APIC 0xec -> Node 0
[    0.000000] SRAT: PXM 0 -> APIC 0xee -> Node 0
[    0.000000] SRAT: PXM 0 -> APIC 0xf0 -> Node 0
[    0.000000] SRAT: PXM 0 -> APIC 0xf2 -> Node 0
[    0.000000] SRAT: PXM 0 -> APIC 0xf4 -> Node 0
[    0.000000] SRAT: PXM 0 -> APIC 0xf6 -> Node 0
[    0.000000] SRAT: PXM 0 -> APIC 0xf8 -> Node 0
[    0.000000] SRAT: PXM 0 -> APIC 0xfa -> Node 0
[    0.000000] SRAT: PXM 0 -> APIC 0xfc -> Node 0
[    0.000000] SRAT: PXM 0 -> APIC 0xfe -> Node 0
[    0.000000] ACPI: SRAT: Node 0 PXM 0 [mem 0x00000000-0x0009ffff]
[    0.000000] ACPI: SRAT: Node 0 PXM 0 [mem 0x00100000-0xbfffffff]
[    0.000000] ACPI: SRAT: Node 0 PXM 0 [mem 0x100000000-0x13fffffff]
[    0.000000] ACPI: SRAT: Node 0 PXM 0 [mem 0x140000000-0x103fffffff] hotplug
[    0.000000] NUMA: Node 0 [mem 0x00000000-0x0009ffff] + [mem 0x00100000-0xbfffffff] -> [mem 0x00000000-0xbfffffff]
[    0.000000] NUMA: Node 0 [mem 0x00000000-0xbfffffff] + [mem 0x100000000-0x13fffffff] -> [mem 0x00000000-0x13fffffff]
[    0.000000] NODE_DATA(0) allocated [mem 0x13ffd5000-0x13fffffff]
[    0.000000] Zone ranges:
[    0.000000]   DMA      [mem 0x0000000000001000-0x0000000000ffffff]
[    0.000000]   DMA32    [mem 0x0000000001000000-0x00000000ffffffff]
[    0.000000]   Normal   [mem 0x0000000100000000-0x000000013fffffff]
[    0.000000]   Device   empty
[    0.000000] Movable zone start for each node
[    0.000000] Early memory node ranges
[    0.000000]   node   0: [mem 0x0000000000001000-0x000000000009dfff]
[    0.000000]   node   0: [mem 0x0000000000100000-0x00000000bfecffff]
[    0.000000]   node   0: [mem 0x00000000bff00000-0x00000000bfffffff]
[    0.000000]   node   0: [mem 0x0000000100000000-0x000000013fffffff]
[    0.000000] Reserved but unavailable: 99 pages
[    0.000000] Initmem setup node 0 [mem 0x0000000000001000-0x000000013fffffff]
[    0.000000] On node 0 totalpages: 1048429
[    0.000000]   DMA zone: 64 pages used for memmap
[    0.000000]   DMA zone: 21 pages reserved
[    0.000000]   DMA zone: 3997 pages, LIFO batch:0
[    0.000000]   DMA32 zone: 12224 pages used for memmap
[    0.000000]   DMA32 zone: 782288 pages, LIFO batch:31
[    0.000000]   Normal zone: 4096 pages used for memmap
[    0.000000]   Normal zone: 262144 pages, LIFO batch:31
[    0.000000] ACPI: PM-Timer IO Port: 0x1008
[    0.000000] ACPI: Local APIC address 0xfee00000
[    0.000000] system APIC only can use physical flat
[    0.000000] ACPI: LAPIC_NMI (acpi_id[0x00] high edge lint[0x1])
[    0.000000] ACPI: LAPIC_NMI (acpi_id[0x01] high edge lint[0x1])
[    0.000000] ACPI: LAPIC_NMI (acpi_id[0x02] high edge lint[0x1])
[    0.000000] ACPI: LAPIC_NMI (acpi_id[0x03] high edge lint[0x1])
[    0.000000] ACPI: LAPIC_NMI (acpi_id[0x04] high edge lint[0x1])
[    0.000000] ACPI: LAPIC_NMI (acpi_id[0x05] high edge lint[0x1])
[    0.000000] ACPI: LAPIC_NMI (acpi_id[0x06] high edge lint[0x1])
[    0.000000] ACPI: LAPIC_NMI (acpi_id[0x07] high edge lint[0x1])
[    0.000000] ACPI: LAPIC_NMI (acpi_id[0x08] high edge lint[0x1])
[    0.000000] ACPI: LAPIC_NMI (acpi_id[0x09] high edge lint[0x1])
[    0.000000] ACPI: LAPIC_NMI (acpi_id[0x0a] high edge lint[0x1])
[    0.000000] ACPI: LAPIC_NMI (acpi_id[0x0b] high edge lint[0x1])
[    0.000000] ACPI: LAPIC_NMI (acpi_id[0x0c] high edge lint[0x1])
[    0.000000] ACPI: LAPIC_NMI (acpi_id[0x0d] high edge lint[0x1])
[    0.000000] ACPI: LAPIC_NMI (acpi_id[0x0e] high edge lint[0x1])
[    0.000000] ACPI: LAPIC_NMI (acpi_id[0x0f] high edge lint[0x1])
[    0.000000] ACPI: LAPIC_NMI (acpi_id[0x10] high edge lint[0x1])
[    0.000000] ACPI: LAPIC_NMI (acpi_id[0x11] high edge lint[0x1])
[    0.000000] ACPI: LAPIC_NMI (acpi_id[0x12] high edge lint[0x1])
[    0.000000] ACPI: LAPIC_NMI (acpi_id[0x13] high edge lint[0x1])
[    0.000000] ACPI: LAPIC_NMI (acpi_id[0x14] high edge lint[0x1])
[    0.000000] ACPI: LAPIC_NMI (acpi_id[0x15] high edge lint[0x1])
[    0.000000] ACPI: LAPIC_NMI (acpi_id[0x16] high edge lint[0x1])
[    0.000000] ACPI: LAPIC_NMI (acpi_id[0x17] high edge lint[0x1])
[    0.000000] ACPI: LAPIC_NMI (acpi_id[0x18] high edge lint[0x1])
[    0.000000] ACPI: LAPIC_NMI (acpi_id[0x19] high edge lint[0x1])
[    0.000000] ACPI: LAPIC_NMI (acpi_id[0x1a] high edge lint[0x1])
[    0.000000] ACPI: LAPIC_NMI (acpi_id[0x1b] high edge lint[0x1])
[    0.000000] ACPI: LAPIC_NMI (acpi_id[0x1c] high edge lint[0x1])
[    0.000000] ACPI: LAPIC_NMI (acpi_id[0x1d] high edge lint[0x1])
[    0.000000] ACPI: LAPIC_NMI (acpi_id[0x1e] high edge lint[0x1])
[    0.000000] ACPI: LAPIC_NMI (acpi_id[0x1f] high edge lint[0x1])
[    0.000000] ACPI: LAPIC_NMI (acpi_id[0x20] high edge lint[0x1])
[    0.000000] ACPI: LAPIC_NMI (acpi_id[0x21] high edge lint[0x1])
[    0.000000] ACPI: LAPIC_NMI (acpi_id[0x22] high edge lint[0x1])
[    0.000000] ACPI: LAPIC_NMI (acpi_id[0x23] high edge lint[0x1])
[    0.000000] ACPI: LAPIC_NMI (acpi_id[0x24] high edge lint[0x1])
[    0.000000] ACPI: LAPIC_NMI (acpi_id[0x25] high edge lint[0x1])
[    0.000000] ACPI: LAPIC_NMI (acpi_id[0x26] high edge lint[0x1])
[    0.000000] ACPI: LAPIC_NMI (acpi_id[0x27] high edge lint[0x1])
[    0.000000] ACPI: LAPIC_NMI (acpi_id[0x28] high edge lint[0x1])
[    0.000000] ACPI: LAPIC_NMI (acpi_id[0x29] high edge lint[0x1])
[    0.000000] ACPI: LAPIC_NMI (acpi_id[0x2a] high edge lint[0x1])
[    0.000000] ACPI: LAPIC_NMI (acpi_id[0x2b] high edge lint[0x1])
[    0.000000] ACPI: LAPIC_NMI (acpi_id[0x2c] high edge lint[0x1])
[    0.000000] ACPI: LAPIC_NMI (acpi_id[0x2d] high edge lint[0x1])
[    0.000000] ACPI: LAPIC_NMI (acpi_id[0x2e] high edge lint[0x1])
[    0.000000] ACPI: LAPIC_NMI (acpi_id[0x2f] high edge lint[0x1])
[    0.000000] ACPI: LAPIC_NMI (acpi_id[0x30] high edge lint[0x1])
[    0.000000] ACPI: LAPIC_NMI (acpi_id[0x31] high edge lint[0x1])
[    0.000000] ACPI: LAPIC_NMI (acpi_id[0x32] high edge lint[0x1])
[    0.000000] ACPI: LAPIC_NMI (acpi_id[0x33] high edge lint[0x1])
[    0.000000] ACPI: LAPIC_NMI (acpi_id[0x34] high edge lint[0x1])
[    0.000000] ACPI: LAPIC_NMI (acpi_id[0x35] high edge lint[0x1])
[    0.000000] ACPI: LAPIC_NMI (acpi_id[0x36] high edge lint[0x1])
[    0.000000] ACPI: LAPIC_NMI (acpi_id[0x37] high edge lint[0x1])
[    0.000000] ACPI: LAPIC_NMI (acpi_id[0x38] high edge lint[0x1])
[    0.000000] ACPI: LAPIC_NMI (acpi_id[0x39] high edge lint[0x1])
[    0.000000] ACPI: LAPIC_NMI (acpi_id[0x3a] high edge lint[0x1])
[    0.000000] ACPI: LAPIC_NMI (acpi_id[0x3b] high edge lint[0x1])
[    0.000000] ACPI: LAPIC_NMI (acpi_id[0x3c] high edge lint[0x1])
[    0.000000] ACPI: LAPIC_NMI (acpi_id[0x3d] high edge lint[0x1])
[    0.000000] ACPI: LAPIC_NMI (acpi_id[0x3e] high edge lint[0x1])
[    0.000000] ACPI: LAPIC_NMI (acpi_id[0x3f] high edge lint[0x1])
[    0.000000] ACPI: LAPIC_NMI (acpi_id[0x40] high edge lint[0x1])
[    0.000000] ACPI: LAPIC_NMI (acpi_id[0x41] high edge lint[0x1])
[    0.000000] ACPI: LAPIC_NMI (acpi_id[0x42] high edge lint[0x1])
[    0.000000] ACPI: LAPIC_NMI (acpi_id[0x43] high edge lint[0x1])
[    0.000000] ACPI: LAPIC_NMI (acpi_id[0x44] high edge lint[0x1])
[    0.000000] ACPI: LAPIC_NMI (acpi_id[0x45] high edge lint[0x1])
[    0.000000] ACPI: LAPIC_NMI (acpi_id[0x46] high edge lint[0x1])
[    0.000000] ACPI: LAPIC_NMI (acpi_id[0x47] high edge lint[0x1])
[    0.000000] ACPI: LAPIC_NMI (acpi_id[0x48] high edge lint[0x1])
[    0.000000] ACPI: LAPIC_NMI (acpi_id[0x49] high edge lint[0x1])
[    0.000000] ACPI: LAPIC_NMI (acpi_id[0x4a] high edge lint[0x1])
[    0.000000] ACPI: LAPIC_NMI (acpi_id[0x4b] high edge lint[0x1])
[    0.000000] ACPI: LAPIC_NMI (acpi_id[0x4c] high edge lint[0x1])
[    0.000000] ACPI: LAPIC_NMI (acpi_id[0x4d] high edge lint[0x1])
[    0.000000] ACPI: LAPIC_NMI (acpi_id[0x4e] high edge lint[0x1])
[    0.000000] ACPI: LAPIC_NMI (acpi_id[0x4f] high edge lint[0x1])
[    0.000000] ACPI: LAPIC_NMI (acpi_id[0x50] high edge lint[0x1])
[    0.000000] ACPI: LAPIC_NMI (acpi_id[0x51] high edge lint[0x1])
[    0.000000] ACPI: LAPIC_NMI (acpi_id[0x52] high edge lint[0x1])
[    0.000000] ACPI: LAPIC_NMI (acpi_id[0x53] high edge lint[0x1])
[    0.000000] ACPI: LAPIC_NMI (acpi_id[0x54] high edge lint[0x1])
[    0.000000] ACPI: LAPIC_NMI (acpi_id[0x55] high edge lint[0x1])
[    0.000000] ACPI: LAPIC_NMI (acpi_id[0x56] high edge lint[0x1])
[    0.000000] ACPI: LAPIC_NMI (acpi_id[0x57] high edge lint[0x1])
[    0.000000] ACPI: LAPIC_NMI (acpi_id[0x58] high edge lint[0x1])
[    0.000000] ACPI: LAPIC_NMI (acpi_id[0x59] high edge lint[0x1])
[    0.000000] ACPI: LAPIC_NMI (acpi_id[0x5a] high edge lint[0x1])
[    0.000000] ACPI: LAPIC_NMI (acpi_id[0x5b] high edge lint[0x1])
[    0.000000] ACPI: LAPIC_NMI (acpi_id[0x5c] high edge lint[0x1])
[    0.000000] ACPI: LAPIC_NMI (acpi_id[0x5d] high edge lint[0x1])
[    0.000000] ACPI: LAPIC_NMI (acpi_id[0x5e] high edge lint[0x1])
[    0.000000] ACPI: LAPIC_NMI (acpi_id[0x5f] high edge lint[0x1])
[    0.000000] ACPI: LAPIC_NMI (acpi_id[0x60] high edge lint[0x1])
[    0.000000] ACPI: LAPIC_NMI (acpi_id[0x61] high edge lint[0x1])
[    0.000000] ACPI: LAPIC_NMI (acpi_id[0x62] high edge lint[0x1])
[    0.000000] ACPI: LAPIC_NMI (acpi_id[0x63] high edge lint[0x1])
[    0.000000] ACPI: LAPIC_NMI (acpi_id[0x64] high edge lint[0x1])
[    0.000000] ACPI: LAPIC_NMI (acpi_id[0x65] high edge lint[0x1])
[    0.000000] ACPI: LAPIC_NMI (acpi_id[0x66] high edge lint[0x1])
[    0.000000] ACPI: LAPIC_NMI (acpi_id[0x67] high edge lint[0x1])
[    0.000000] ACPI: LAPIC_NMI (acpi_id[0x68] high edge lint[0x1])
[    0.000000] ACPI: LAPIC_NMI (acpi_id[0x69] high edge lint[0x1])
[    0.000000] ACPI: LAPIC_NMI (acpi_id[0x6a] high edge lint[0x1])
[    0.000000] ACPI: LAPIC_NMI (acpi_id[0x6b] high edge lint[0x1])
[    0.000000] ACPI: LAPIC_NMI (acpi_id[0x6c] high edge lint[0x1])
[    0.000000] ACPI: LAPIC_NMI (acpi_id[0x6d] high edge lint[0x1])
[    0.000000] ACPI: LAPIC_NMI (acpi_id[0x6e] high edge lint[0x1])
[    0.000000] ACPI: LAPIC_NMI (acpi_id[0x6f] high edge lint[0x1])
[    0.000000] ACPI: LAPIC_NMI (acpi_id[0x70] high edge lint[0x1])
[    0.000000] ACPI: LAPIC_NMI (acpi_id[0x71] high edge lint[0x1])
[    0.000000] ACPI: LAPIC_NMI (acpi_id[0x72] high edge lint[0x1])
[    0.000000] ACPI: LAPIC_NMI (acpi_id[0x73] high edge lint[0x1])
[    0.000000] ACPI: LAPIC_NMI (acpi_id[0x74] high edge lint[0x1])
[    0.000000] ACPI: LAPIC_NMI (acpi_id[0x75] high edge lint[0x1])
[    0.000000] ACPI: LAPIC_NMI (acpi_id[0x76] high edge lint[0x1])
[    0.000000] ACPI: LAPIC_NMI (acpi_id[0x77] high edge lint[0x1])
[    0.000000] ACPI: LAPIC_NMI (acpi_id[0x78] high edge lint[0x1])
[    0.000000] ACPI: LAPIC_NMI (acpi_id[0x79] high edge lint[0x1])
[    0.000000] ACPI: LAPIC_NMI (acpi_id[0x7a] high edge lint[0x1])
[    0.000000] ACPI: LAPIC_NMI (acpi_id[0x7b] high edge lint[0x1])
[    0.000000] ACPI: LAPIC_NMI (acpi_id[0x7c] high edge lint[0x1])
[    0.000000] ACPI: LAPIC_NMI (acpi_id[0x7d] high edge lint[0x1])
[    0.000000] ACPI: LAPIC_NMI (acpi_id[0x7e] high edge lint[0x1])
[    0.000000] ACPI: LAPIC_NMI (acpi_id[0x7f] high edge lint[0x1])
[    0.000000] IOAPIC[0]: apic_id 1, version 32, address 0xfec00000, GSI 0-23
[    0.000000] ACPI: INT_SRC_OVR (bus 0 bus_irq 0 global_irq 2 high edge)
[    0.000000] ACPI: IRQ0 used by override.
[    0.000000] ACPI: IRQ9 used by override.
[    0.000000] Using ACPI (MADT) for SMP configuration information
[    0.000000] ACPI: HPET id: 0x8086af01 base: 0xfed00000
[    0.000000] TSC deadline timer available
[    0.000000] smpboot: Allowing 128 CPUs, 126 hotplug CPUs
[    0.000000] PM: Registered nosave memory: [mem 0x00000000-0x00000fff]
[    0.000000] PM: Registered nosave memory: [mem 0x0009e000-0x0009efff]
[    0.000000] PM: Registered nosave memory: [mem 0x0009f000-0x0009ffff]
[    0.000000] PM: Registered nosave memory: [mem 0x000a0000-0x000dbfff]
[    0.000000] PM: Registered nosave memory: [mem 0x000dc000-0x000fffff]
[    0.000000] PM: Registered nosave memory: [mem 0xbfed0000-0xbfefefff]
[    0.000000] PM: Registered nosave memory: [mem 0xbfeff000-0xbfefffff]
[    0.000000] PM: Registered nosave memory: [mem 0xc0000000-0xefffffff]
[    0.000000] PM: Registered nosave memory: [mem 0xf0000000-0xf7ffffff]
[    0.000000] PM: Registered nosave memory: [mem 0xf8000000-0xfebfffff]
[    0.000000] PM: Registered nosave memory: [mem 0xfec00000-0xfec0ffff]
[    0.000000] PM: Registered nosave memory: [mem 0xfec10000-0xfedfffff]
[    0.000000] PM: Registered nosave memory: [mem 0xfee00000-0xfee00fff]
[    0.000000] PM: Registered nosave memory: [mem 0xfee01000-0xfffdffff]
[    0.000000] PM: Registered nosave memory: [mem 0xfffe0000-0xffffffff]
[    0.000000] e820: [mem 0xc0000000-0xefffffff] available for PCI devices
[    0.000000] Booting paravirtualized kernel on VMware hypervisor
[    0.000000] clocksource: refined-jiffies: mask: 0xffffffff max_cycles: 0xffffffff, max_idle_ns: 7645519600211568 ns
[    0.000000] random: get_random_bytes called from start_kernel+0x99/0x500 with crng_init=0
[    0.000000] setup_percpu: NR_CPUS:8192 nr_cpumask_bits:128 nr_cpu_ids:128 nr_node_ids:1
[    0.000000] percpu: Embedded 45 pages/cpu s147456 r8192 d28672 u262144
[    0.000000] pcpu-alloc: s147456 r8192 d28672 u262144 alloc=1*2097152
[    0.000000] pcpu-alloc: [0] 000 001 002 003 004 005 006 007 
[    0.000000] pcpu-alloc: [0] 008 009 010 011 012 013 014 015 
[    0.000000] pcpu-alloc: [0] 016 017 018 019 020 021 022 023 
[    0.000000] pcpu-alloc: [0] 024 025 026 027 028 029 030 031 
[    0.000000] pcpu-alloc: [0] 032 033 034 035 036 037 038 039 
[    0.000000] pcpu-alloc: [0] 040 041 042 043 044 045 046 047 
[    0.000000] pcpu-alloc: [0] 048 049 050 051 052 053 054 055 
[    0.000000] pcpu-alloc: [0] 056 057 058 059 060 061 062 063 
[    0.000000] pcpu-alloc: [0] 064 065 066 067 068 069 070 071 
[    0.000000] pcpu-alloc: [0] 072 073 074 075 076 077 078 079 
[    0.000000] pcpu-alloc: [0] 080 081 082 083 084 085 086 087 
[    0.000000] pcpu-alloc: [0] 088 089 090 091 092 093 094 095 
[    0.000000] pcpu-alloc: [0] 096 097 098 099 100 101 102 103 
[    0.000000] pcpu-alloc: [0] 104 105 106 107 108 109 110 111 
[    0.000000] pcpu-alloc: [0] 112 113 114 115 116 117 118 119 
[    0.000000] pcpu-alloc: [0] 120 121 122 123 124 125 126 127 
[    0.000000] Built 1 zonelists, mobility grouping on.  Total pages: 1032024
[    0.000000] Policy zone: Normal
[    0.000000] Kernel command line: BOOT_IMAGE=/vmlinuz-4.15.0-123-generic root=/dev/mapper/ubuntu--vg-ubuntu--lv ro debian-installer/custom-installation=/custom find_preseed=/preseed.cfg auto preseed/file=/floppy/preseed.cfg automatic-ubiquity noprompt priority=critical locale=en_US console-setup/modelcode=evdev
[    0.000000] log_buf_len individual max cpu contribution: 4096 bytes
[    0.000000] log_buf_len total cpu_extra contributions: 520192 bytes
[    0.000000] log_buf_len min size: 262144 bytes
[    0.000000] log_buf_len: 1048576 bytes
[    0.000000] early log buf free: 235548(89%)
[    0.000000] Calgary: detecting Calgary via BIOS EBDA area
[    0.000000] Calgary: Unable to locate Rio Grande table in EBDA - bailing!
[    0.000000] Memory: 3952404K/4193716K available (12300K kernel code, 2482K rwdata, 4272K rodata, 2436K init, 2724K bss, 241312K reserved, 0K cma-reserved)
[    0.000000] SLUB: HWalign=64, Order=0-3, MinObjects=0, CPUs=128, Nodes=1
[    0.000000] Kernel/User page tables isolation: enabled
[    0.000000] ftrace: allocating 39402 entries in 154 pages
[    0.004000] Hierarchical RCU implementation.
[    0.004000] 	RCU restricting CPUs from NR_CPUS=8192 to nr_cpu_ids=128.
[    0.004000] 	Tasks RCU enabled.
[    0.004000] RCU: Adjusting geometry for rcu_fanout_leaf=16, nr_cpu_ids=128
[    0.004000] NR_IRQS: 524544, nr_irqs: 1448, preallocated irqs: 16
[    0.004000] Console: colour VGA+ 80x25
[    0.004000] console [tty0] enabled
[    0.004000] ACPI: Core revision 20170831
[    0.004000] ACPI: 1 ACPI AML tables successfully acquired and loaded
[    0.004000] clocksource: hpet: mask: 0xffffffff max_cycles: 0xffffffff, max_idle_ns: 133484882848 ns
[    0.004000] hpet clockevent registered
[    0.004008] APIC: Switch to symmetric I/O mode setup
[    0.004347] x2apic enabled
[    0.004659] Switched APIC routing to physical x2apic.
[    0.006203] ..TIMER: vector=0x30 apic1=0 pin1=2 apic2=-1 pin2=-1
[    0.006470] tsc: Detected 2700.075 MHz processor
[    0.006871] Calibrating delay loop (skipped) preset value.. 5400.15 BogoMIPS (lpj=10800300)
[    0.006871] pid_max: default: 131072 minimum: 1024
[    0.006871] Security Framework initialized
[    0.006871] Yama: becoming mindful.
[    0.008040] AppArmor: AppArmor initialized
[    0.009584] Dentry cache hash table entries: 524288 (order: 10, 4194304 bytes)
[    0.010595] Inode-cache hash table entries: 262144 (order: 9, 2097152 bytes)
[    0.010934] Mount-cache hash table entries: 8192 (order: 4, 65536 bytes)
[    0.011219] Mountpoint-cache hash table entries: 8192 (order: 4, 65536 bytes)
[    0.011879] Disabled fast string operations
[    0.012068] Last level iTLB entries: 4KB 64, 2MB 8, 4MB 8
[    0.012279] Last level dTLB entries: 4KB 64, 2MB 0, 4MB 0, 1GB 4
[    0.012493] Spectre V1 : Mitigation: usercopy/swapgs barriers and __user pointer sanitization
[    0.012796] Spectre V2 : Mitigation: Full generic retpoline
[    0.013060] Spectre V2 : Spectre v2 / SpectreRSB mitigation: Filling RSB on context switch
[    0.014617] Spectre V2 : Enabling Restricted Speculation for firmware calls
[    0.014893] Spectre V2 : mitigation: Enabling conditional Indirect Branch Prediction Barrier
[    0.015410] Speculative Store Bypass: Mitigation: Speculative Store Bypass disabled via prctl and seccomp
[    0.015917] SRBDS: Unknown: Dependent on hypervisor status
[    0.016009] MDS: Mitigation: Clear CPU buffers
[    0.021694] Freeing SMP alternatives memory: 36K
[    0.028337] smpboot: CPU0: Intel(R) Core(TM) i5-5257U CPU @ 2.70GHz (family: 0x6, model: 0x3d, stepping: 0x4)
[    0.029764] Performance Events: Broadwell events, core PMU driver.
[    0.029939] core: CPUID marked event: 'cpu cycles' unavailable
[    0.030079] core: CPUID marked event: 'instructions' unavailable
[    0.030222] core: CPUID marked event: 'bus cycles' unavailable
[    0.030362] core: CPUID marked event: 'cache references' unavailable
[    0.030513] core: CPUID marked event: 'cache misses' unavailable
[    0.030828] core: CPUID marked event: 'branch instructions' unavailable
[    0.031078] core: CPUID marked event: 'branch misses' unavailable
[    0.031288] ... version:                1
[    0.031394] ... bit width:              48
[    0.031504] ... generic registers:      4
[    0.031615] ... value mask:             0000ffffffffffff
[    0.031808] ... max period:             000000007fffffff
[    0.032000] ... fixed-purpose events:   0
[    0.032000] ... event mask:             000000000000000f
[    0.032082] Hierarchical SRCU implementation.
[    0.032838] NMI watchdog: Perf event create on CPU 0 failed with -2
[    0.032992] NMI watchdog: Perf NMI watchdog permanently disabled
[    0.035404] smp: Bringing up secondary CPUs ...
[    0.035874] x86: Booting SMP configuration:
[    0.036009] .... node  #0, CPUs:          #1
[    0.004000] Disabled fast string operations
[    0.004000] smpboot: CPU 1 Converting physical 2 to logical package 1
[    0.037529] smp: Brought up 1 node, 2 CPUs
[    0.037529] smpboot: Max logical packages: 128
[    0.037529] smpboot: Total of 2 processors activated (10800.30 BogoMIPS)
[    0.037529] devtmpfs: initialized
[    0.040060] x86/mm: Memory block size: 128MB
[    0.040635] evm: security.selinux
[    0.040688] evm: security.SMACK64
[    0.040731] evm: security.SMACK64EXEC
[    0.040776] evm: security.SMACK64TRANSMUTE
[    0.040826] evm: security.SMACK64MMAP
[    0.040869] evm: security.apparmor
[    0.040911] evm: security.ima
[    0.040952] evm: security.capability
[    0.041315] PM: Registering ACPI NVS region [mem 0xbfeff000-0xbfefffff] (4096 bytes)
[    0.041315] clocksource: jiffies: mask: 0xffffffff max_cycles: 0xffffffff, max_idle_ns: 7645041785100000 ns
[    0.044186] futex hash table entries: 32768 (order: 9, 2097152 bytes)
[    0.045586] pinctrl core: initialized pinctrl subsystem
[    0.045899] RTC time: 16:56:01, date: 11/17/20
[    0.046810] NET: Registered protocol family 16
[    0.046963] audit: initializing netlink subsys (disabled)
[    0.047071] audit: type=2000 audit(1605632161.044:1): state=initialized audit_enabled=0 res=1
[    0.047071] cpuidle: using governor ladder
[    0.047071] cpuidle: using governor menu
[    0.047071] Simple Boot Flag at 0x36 set to 0x80
[    0.047071] ACPI: bus type PCI registered
[    0.047071] acpiphp: ACPI Hot Plug PCI Controller Driver version: 0.5
[    0.048031] PCI: MMCONFIG for domain 0000 [bus 00-7f] at [mem 0xf0000000-0xf7ffffff] (base 0xf0000000)
[    0.048109] PCI: MMCONFIG at [mem 0xf0000000-0xf7ffffff] reserved in E820
[    0.048170] PCI: Using configuration type 1 for base access
[    0.049107] HugeTLB registered 1.00 GiB page size, pre-allocated 0 pages
[    0.049107] HugeTLB registered 2.00 MiB page size, pre-allocated 0 pages
[    0.052245] ACPI: Added _OSI(Module Device)
[    0.052260] ACPI: Added _OSI(Processor Device)
[    0.052300] ACPI: Added _OSI(3.0 _SCP Extensions)
[    0.052341] ACPI: Added _OSI(Processor Aggregator Device)
[    0.052386] ACPI: Added _OSI(Linux-Dell-Video)
[    0.052425] ACPI: Added _OSI(Linux-Lenovo-NV-HDMI-Audio)
[    0.052470] ACPI: Added _OSI(Linux-HPI-Hybrid-Graphics)
[    0.064063] ACPI: [Firmware Bug]: BIOS _OSI(Linux) query ignored
[    0.106190] ACPI: Interpreter enabled
[    0.106298] ACPI: (supports S0 S1 S4 S5)
[    0.106352] ACPI: Using IOAPIC for interrupt routing
[    0.106602] PCI: Using host bridge windows from ACPI; if necessary, use "pci=nocrs" and report a bug
[    0.109245] ACPI: Enabled 4 GPEs in block 00 to 0F
[    0.441354] ACPI: PCI Root Bridge [PCI0] (domain 0000 [bus 00-7f])
[    0.441423] acpi PNP0A03:00: _OSC: OS supports [ExtendedConfig ASPM ClockPM Segments MSI]
[    0.441748] acpi PNP0A03:00: _OSC: platform does not support [AER]
[    0.442056] acpi PNP0A03:00: _OSC: OS now controls [PCIeHotplug PME PCIeCapability]
[    0.445644] PCI host bridge to bus 0000:00
[    0.445691] pci_bus 0000:00: root bus resource [mem 0x000a0000-0x000bffff window]
[    0.445753] pci_bus 0000:00: root bus resource [mem 0x000d0000-0x000d3fff window]
[    0.445814] pci_bus 0000:00: root bus resource [mem 0x000d4000-0x000d7fff window]
[    0.445875] pci_bus 0000:00: root bus resource [mem 0x000d8000-0x000dbfff window]
[    0.445936] pci_bus 0000:00: root bus resource [mem 0xc0000000-0xfebfffff window]
[    0.445998] pci_bus 0000:00: root bus resource [io  0x0000-0x0cf7 window]
[    0.446052] pci_bus 0000:00: root bus resource [io  0x0d00-0xfeff window]
[    0.446106] pci_bus 0000:00: root bus resource [bus 00-7f]
[    0.446237] pci 0000:00:00.0: [8086:7190] type 00 class 0x060000
[    0.447550] pci 0000:00:01.0: [8086:7191] type 01 class 0x060400
[    0.449684] pci 0000:00:07.0: [8086:7110] type 00 class 0x060100
[    0.451279] pci 0000:00:07.1: [8086:7111] type 00 class 0x01018a
[    0.453798] pci 0000:00:07.1: reg 0x20: [io  0x1060-0x106f]
[    0.454471] pci 0000:00:07.1: legacy IDE quirk: reg 0x10: [io  0x01f0-0x01f7]
[    0.454539] pci 0000:00:07.1: legacy IDE quirk: reg 0x14: [io  0x03f6]
[    0.454592] pci 0000:00:07.1: legacy IDE quirk: reg 0x18: [io  0x0170-0x0177]
[    0.454649] pci 0000:00:07.1: legacy IDE quirk: reg 0x1c: [io  0x0376]
[    0.455100] pci 0000:00:07.3: [8086:7113] type 00 class 0x068000
[    0.457223] pci 0000:00:07.3: quirk: [io  0x1000-0x103f] claimed by PIIX4 ACPI
[    0.457310] pci 0000:00:07.3: quirk: [io  0x1040-0x104f] claimed by PIIX4 SMB
[    0.457884] pci 0000:00:07.7: [15ad:0740] type 00 class 0x088000
[    0.458674] pci 0000:00:07.7: reg 0x10: [io  0x1080-0x10bf]
[    0.459345] pci 0000:00:07.7: reg 0x14: [mem 0xfebfe000-0xfebfffff 64bit]
[    0.463797] pci 0000:00:0f.0: [15ad:0405] type 00 class 0x030000
[    0.464951] pci 0000:00:0f.0: reg 0x10: [io  0x1070-0x107f]
[    0.468015] pci 0000:00:0f.0: reg 0x14: [mem 0xe8000000-0xefffffff pref]
[    0.469972] pci 0000:00:0f.0: reg 0x18: [mem 0xfe000000-0xfe7fffff]
[    0.476011] pci 0000:00:0f.0: reg 0x30: [mem 0x00000000-0x00007fff pref]
[    0.476794] pci 0000:00:10.0: [1000:0030] type 00 class 0x010000
[    0.477891] pci 0000:00:10.0: reg 0x10: [io  0x1400-0x14ff]
[    0.478896] pci 0000:00:10.0: reg 0x14: [mem 0xfeba0000-0xfebbffff 64bit]
[    0.479884] pci 0000:00:10.0: reg 0x1c: [mem 0xfebc0000-0xfebdffff 64bit]
[    0.481413] pci 0000:00:10.0: reg 0x30: [mem 0x00000000-0x00003fff pref]
[    0.482066] pci 0000:00:11.0: [15ad:0790] type 01 class 0x060401
[    0.484296] pci 0000:00:15.0: [15ad:07a0] type 01 class 0x060400
[    0.485681] pci 0000:00:15.0: PME# supported from D0 D3hot D3cold
[    0.486187] pci 0000:00:15.1: [15ad:07a0] type 01 class 0x060400
[    0.487740] pci 0000:00:15.1: PME# supported from D0 D3hot D3cold
[    0.488253] pci 0000:00:15.2: [15ad:07a0] type 01 class 0x060400
[    0.489630] pci 0000:00:15.2: PME# supported from D0 D3hot D3cold
[    0.490204] pci 0000:00:15.3: [15ad:07a0] type 01 class 0x060400
[    0.492006] pci 0000:00:15.3: PME# supported from D0 D3hot D3cold
[    0.492534] pci 0000:00:15.4: [15ad:07a0] type 01 class 0x060400
[    0.493926] pci 0000:00:15.4: PME# supported from D0 D3hot D3cold
[    0.494427] pci 0000:00:15.5: [15ad:07a0] type 01 class 0x060400
[    0.495837] pci 0000:00:15.5: PME# supported from D0 D3hot D3cold
[    0.496339] pci 0000:00:15.6: [15ad:07a0] type 01 class 0x060400
[    0.497730] pci 0000:00:15.6: PME# supported from D0 D3hot D3cold
[    0.498214] pci 0000:00:15.7: [15ad:07a0] type 01 class 0x060400
[    0.499567] pci 0000:00:15.7: PME# supported from D0 D3hot D3cold
[    0.500090] pci 0000:00:16.0: [15ad:07a0] type 01 class 0x060400
[    0.501443] pci 0000:00:16.0: PME# supported from D0 D3hot D3cold
[    0.501924] pci 0000:00:16.1: [15ad:07a0] type 01 class 0x060400
[    0.503284] pci 0000:00:16.1: PME# supported from D0 D3hot D3cold
[    0.504365] pci 0000:00:16.2: [15ad:07a0] type 01 class 0x060400
[    0.505818] pci 0000:00:16.2: PME# supported from D0 D3hot D3cold
[    0.506335] pci 0000:00:16.3: [15ad:07a0] type 01 class 0x060400
[    0.507789] pci 0000:00:16.3: PME# supported from D0 D3hot D3cold
[    0.508369] pci 0000:00:16.4: [15ad:07a0] type 01 class 0x060400
[    0.509750] pci 0000:00:16.4: PME# supported from D0 D3hot D3cold
[    0.510254] pci 0000:00:16.5: [15ad:07a0] type 01 class 0x060400
[    0.511622] pci 0000:00:16.5: PME# supported from D0 D3hot D3cold
[    0.512289] pci 0000:00:16.6: [15ad:07a0] type 01 class 0x060400
[    0.513774] pci 0000:00:16.6: PME# supported from D0 D3hot D3cold
[    0.514269] pci 0000:00:16.7: [15ad:07a0] type 01 class 0x060400
[    0.515737] pci 0000:00:16.7: PME# supported from D0 D3hot D3cold
[    0.516231] pci 0000:00:17.0: [15ad:07a0] type 01 class 0x060400
[    0.517633] pci 0000:00:17.0: PME# supported from D0 D3hot D3cold
[    0.518142] pci 0000:00:17.1: [15ad:07a0] type 01 class 0x060400
[    0.519552] pci 0000:00:17.1: PME# supported from D0 D3hot D3cold
[    0.520042] pci 0000:00:17.2: [15ad:07a0] type 01 class 0x060400
[    0.521456] pci 0000:00:17.2: PME# supported from D0 D3hot D3cold
[    0.521953] pci 0000:00:17.3: [15ad:07a0] type 01 class 0x060400
[    0.523376] pci 0000:00:17.3: PME# supported from D0 D3hot D3cold
[    0.523870] pci 0000:00:17.4: [15ad:07a0] type 01 class 0x060400
[    0.525303] pci 0000:00:17.4: PME# supported from D0 D3hot D3cold
[    0.525808] pci 0000:00:17.5: [15ad:07a0] type 01 class 0x060400
[    0.527353] pci 0000:00:17.5: PME# supported from D0 D3hot D3cold
[    0.527862] pci 0000:00:17.6: [15ad:07a0] type 01 class 0x060400
[    0.529251] pci 0000:00:17.6: PME# supported from D0 D3hot D3cold
[    0.529841] pci 0000:00:17.7: [15ad:07a0] type 01 class 0x060400
[    0.531306] pci 0000:00:17.7: PME# supported from D0 D3hot D3cold
[    0.531810] pci 0000:00:18.0: [15ad:07a0] type 01 class 0x060400
[    0.533174] pci 0000:00:18.0: PME# supported from D0 D3hot D3cold
[    0.533662] pci 0000:00:18.1: [15ad:07a0] type 01 class 0x060400
[    0.535028] pci 0000:00:18.1: PME# supported from D0 D3hot D3cold
[    0.535536] pci 0000:00:18.2: [15ad:07a0] type 01 class 0x060400
[    0.536907] pci 0000:00:18.2: PME# supported from D0 D3hot D3cold
[    0.537398] pci 0000:00:18.3: [15ad:07a0] type 01 class 0x060400
[    0.538760] pci 0000:00:18.3: PME# supported from D0 D3hot D3cold
[    0.539239] pci 0000:00:18.4: [15ad:07a0] type 01 class 0x060400
[    0.540620] pci 0000:00:18.4: PME# supported from D0 D3hot D3cold
[    0.541099] pci 0000:00:18.5: [15ad:07a0] type 01 class 0x060400
[    0.542457] pci 0000:00:18.5: PME# supported from D0 D3hot D3cold
[    0.542936] pci 0000:00:18.6: [15ad:07a0] type 01 class 0x060400
[    0.544316] pci 0000:00:18.6: PME# supported from D0 D3hot D3cold
[    0.544798] pci 0000:00:18.7: [15ad:07a0] type 01 class 0x060400
[    0.546701] pci 0000:00:18.7: PME# supported from D0 D3hot D3cold
[    0.547392] pci 0000:00:01.0: PCI bridge to [bus 01]
[    0.548000] acpiphp: Slot [32] registered
[    0.548112] acpiphp: Slot [33] registered
[    0.548213] acpiphp: Slot [34] registered
[    0.548313] acpiphp: Slot [35] registered
[    0.548412] acpiphp: Slot [36] registered
[    0.548512] acpiphp: Slot [37] registered
[    0.548612] acpiphp: Slot [38] registered
[    0.548720] acpiphp: Slot [39] registered
[    0.548842] acpiphp: Slot [40] registered
[    0.548942] acpiphp: Slot [41] registered
[    0.549041] acpiphp: Slot [42] registered
[    0.549140] acpiphp: Slot [43] registered
[    0.549238] acpiphp: Slot [44] registered
[    0.549336] acpiphp: Slot [45] registered
[    0.549435] acpiphp: Slot [46] registered
[    0.549534] acpiphp: Slot [47] registered
[    0.549632] acpiphp: Slot [48] registered
[    0.549731] acpiphp: Slot [49] registered
[    0.549829] acpiphp: Slot [50] registered
[    0.549927] acpiphp: Slot [51] registered
[    0.550030] acpiphp: Slot [52] registered
[    0.550305] acpiphp: Slot [53] registered
[    0.550403] acpiphp: Slot [54] registered
[    0.550507] acpiphp: Slot [55] registered
[    0.550606] acpiphp: Slot [56] registered
[    0.550751] acpiphp: Slot [57] registered
[    0.550908] acpiphp: Slot [58] registered
[    0.551014] acpiphp: Slot [59] registered
[    0.551115] acpiphp: Slot [60] registered
[    0.551216] acpiphp: Slot [61] registered
[    0.551316] acpiphp: Slot [62] registered
[    0.551416] acpiphp: Slot [63] registered
[    0.551580] pci 0000:02:00.0: [15ad:0774] type 00 class 0x0c0300
[    0.553414] pci 0000:02:00.0: reg 0x20: [io  0x2080-0x209f]
[    0.554886] pci 0000:02:01.0: [8086:100f] type 00 class 0x020000
[    0.556008] pci 0000:02:01.0: reg 0x10: [mem 0xfd5c0000-0xfd5dffff 64bit]
[    0.557006] pci 0000:02:01.0: reg 0x18: [mem 0xfdff0000-0xfdffffff 64bit]
[    0.558338] pci 0000:02:01.0: reg 0x20: [io  0x2000-0x203f]
[    0.561262] pci 0000:02:01.0: reg 0x30: [mem 0x00000000-0x0000ffff pref]
[    0.561794] pci 0000:02:01.0: PME# supported from D0 D3hot D3cold
[    0.562163] pci 0000:02:02.0: [1274:1371] type 00 class 0x040100
[    0.562660] pci 0000:02:02.0: reg 0x10: [io  0x2040-0x207f]
[    0.567412] pci 0000:02:03.0: [15ad:0770] type 00 class 0x0c0320
[    0.568010] pci 0000:02:03.0: reg 0x10: [mem 0xfd5ef000-0xfd5effff]
[    0.571819] pci 0000:02:05.0: [15ad:07e0] type 00 class 0x010601
[    0.574908] pci 0000:02:05.0: reg 0x24: [mem 0xfd5ee000-0xfd5eefff]
[    0.575388] pci 0000:02:05.0: reg 0x30: [mem 0x00000000-0x0000ffff pref]
[    0.576057] pci 0000:02:05.0: PME# supported from D3hot
[    0.576766] pci 0000:00:11.0: PCI bridge to [bus 02] (subtractive decode)
[    0.576866] pci 0000:00:11.0:   bridge window [io  0x2000-0x3fff]
[    0.576901] pci 0000:00:11.0:   bridge window [mem 0xfd500000-0xfdffffff]
[    0.576969] pci 0000:00:11.0:   bridge window [mem 0xe7b00000-0xe7ffffff 64bit pref]
[    0.576970] pci 0000:00:11.0:   bridge window [mem 0x000a0000-0x000bffff window] (subtractive decode)
[    0.576971] pci 0000:00:11.0:   bridge window [mem 0x000d0000-0x000d3fff window] (subtractive decode)
[    0.576978] pci 0000:00:11.0:   bridge window [mem 0x000d4000-0x000d7fff window] (subtractive decode)
[    0.576979] pci 0000:00:11.0:   bridge window [mem 0x000d8000-0x000dbfff window] (subtractive decode)
[    0.576979] pci 0000:00:11.0:   bridge window [mem 0xc0000000-0xfebfffff window] (subtractive decode)
[    0.576980] pci 0000:00:11.0:   bridge window [io  0x0000-0x0cf7 window] (subtractive decode)
[    0.576981] pci 0000:00:11.0:   bridge window [io  0x0d00-0xfeff window] (subtractive decode)
[    0.577487] pci 0000:00:15.0: PCI bridge to [bus 03]
[    0.577572] pci 0000:00:15.0:   bridge window [io  0x4000-0x4fff]
[    0.577608] pci 0000:00:15.0:   bridge window [mem 0xfd400000-0xfd4fffff]
[    0.577675] pci 0000:00:15.0:   bridge window [mem 0xe7a00000-0xe7afffff 64bit pref]
[    0.578233] pci 0000:00:15.1: PCI bridge to [bus 04]
[    0.578321] pci 0000:00:15.1:   bridge window [io  0x8000-0x8fff]
[    0.578356] pci 0000:00:15.1:   bridge window [mem 0xfd000000-0xfd0fffff]
[    0.578424] pci 0000:00:15.1:   bridge window [mem 0xe7600000-0xe76fffff 64bit pref]
[    0.578914] pci 0000:00:15.2: PCI bridge to [bus 05]
[    0.578999] pci 0000:00:15.2:   bridge window [io  0xc000-0xcfff]
[    0.579034] pci 0000:00:15.2:   bridge window [mem 0xfcc00000-0xfccfffff]
[    0.579102] pci 0000:00:15.2:   bridge window [mem 0xe7200000-0xe72fffff 64bit pref]
[    0.579583] pci 0000:00:15.3: PCI bridge to [bus 06]
[    0.579700] pci 0000:00:15.3:   bridge window [mem 0xfc800000-0xfc8fffff]
[    0.579768] pci 0000:00:15.3:   bridge window [mem 0xe6e00000-0xe6efffff 64bit pref]
[    0.580231] pci 0000:00:15.4: PCI bridge to [bus 07]
[    0.580346] pci 0000:00:15.4:   bridge window [mem 0xfc400000-0xfc4fffff]
[    0.580414] pci 0000:00:15.4:   bridge window [mem 0xe6a00000-0xe6afffff 64bit pref]
[    0.581060] pci 0000:00:15.5: PCI bridge to [bus 08]
[    0.581217] pci 0000:00:15.5:   bridge window [mem 0xfc000000-0xfc0fffff]
[    0.581285] pci 0000:00:15.5:   bridge window [mem 0xe6600000-0xe66fffff 64bit pref]
[    0.581781] pci 0000:00:15.6: PCI bridge to [bus 09]
[    0.581898] pci 0000:00:15.6:   bridge window [mem 0xfbc00000-0xfbcfffff]
[    0.581966] pci 0000:00:15.6:   bridge window [mem 0xe6200000-0xe62fffff 64bit pref]
[    0.582558] pci 0000:00:15.7: PCI bridge to [bus 0a]
[    0.582677] pci 0000:00:15.7:   bridge window [mem 0xfb800000-0xfb8fffff]
[    0.582745] pci 0000:00:15.7:   bridge window [mem 0xe5e00000-0xe5efffff 64bit pref]
[    0.583234] pci 0000:00:16.0: PCI bridge to [bus 0b]
[    0.583318] pci 0000:00:16.0:   bridge window [io  0x5000-0x5fff]
[    0.583353] pci 0000:00:16.0:   bridge window [mem 0xfd300000-0xfd3fffff]
[    0.583421] pci 0000:00:16.0:   bridge window [mem 0xe7900000-0xe79fffff 64bit pref]
[    0.583893] pci 0000:00:16.1: PCI bridge to [bus 0c]
[    0.583976] pci 0000:00:16.1:   bridge window [io  0x9000-0x9fff]
[    0.584007] pci 0000:00:16.1:   bridge window [mem 0xfcf00000-0xfcffffff]
[    0.584078] pci 0000:00:16.1:   bridge window [mem 0xe7500000-0xe75fffff 64bit pref]
[    0.584691] pci 0000:00:16.2: PCI bridge to [bus 0d]
[    0.584778] pci 0000:00:16.2:   bridge window [io  0xd000-0xdfff]
[    0.584813] pci 0000:00:16.2:   bridge window [mem 0xfcb00000-0xfcbfffff]
[    0.584882] pci 0000:00:16.2:   bridge window [mem 0xe7100000-0xe71fffff 64bit pref]
[    0.585438] pci 0000:00:16.3: PCI bridge to [bus 0e]
[    0.585601] pci 0000:00:16.3:   bridge window [mem 0xfc700000-0xfc7fffff]
[    0.585694] pci 0000:00:16.3:   bridge window [mem 0xe6d00000-0xe6dfffff 64bit pref]
[    0.586549] pci 0000:00:16.4: PCI bridge to [bus 0f]
[    0.586742] pci 0000:00:16.4:   bridge window [mem 0xfc300000-0xfc3fffff]
[    0.586848] pci 0000:00:16.4:   bridge window [mem 0xe6900000-0xe69fffff 64bit pref]
[    0.588205] pci 0000:00:16.5: PCI bridge to [bus 10]
[    0.588331] pci 0000:00:16.5:   bridge window [mem 0xfbf00000-0xfbffffff]
[    0.588400] pci 0000:00:16.5:   bridge window [mem 0xe6500000-0xe65fffff 64bit pref]
[    0.589500] pci 0000:00:16.6: PCI bridge to [bus 11]
[    0.589983] pci 0000:00:16.6:   bridge window [mem 0xfbb00000-0xfbbfffff]
[    0.590052] pci 0000:00:16.6:   bridge window [mem 0xe6100000-0xe61fffff 64bit pref]
[    0.590579] pci 0000:00:16.7: PCI bridge to [bus 12]
[    0.590699] pci 0000:00:16.7:   bridge window [mem 0xfb700000-0xfb7fffff]
[    0.590767] pci 0000:00:16.7:   bridge window [mem 0xe5d00000-0xe5dfffff 64bit pref]
[    0.591394] pci 0000:00:17.0: PCI bridge to [bus 13]
[    0.591479] pci 0000:00:17.0:   bridge window [io  0x6000-0x6fff]
[    0.591515] pci 0000:00:17.0:   bridge window [mem 0xfd200000-0xfd2fffff]
[    0.591591] pci 0000:00:17.0:   bridge window [mem 0xe7800000-0xe78fffff 64bit pref]
[    0.592217] pci 0000:00:17.1: PCI bridge to [bus 14]
[    0.592307] pci 0000:00:17.1:   bridge window [io  0xa000-0xafff]
[    0.592342] pci 0000:00:17.1:   bridge window [mem 0xfce00000-0xfcefffff]
[    0.592410] pci 0000:00:17.1:   bridge window [mem 0xe7400000-0xe74fffff 64bit pref]
[    0.592915] pci 0000:00:17.2: PCI bridge to [bus 15]
[    0.592999] pci 0000:00:17.2:   bridge window [io  0xe000-0xefff]
[    0.593034] pci 0000:00:17.2:   bridge window [mem 0xfca00000-0xfcafffff]
[    0.593101] pci 0000:00:17.2:   bridge window [mem 0xe7000000-0xe70fffff 64bit pref]
[    0.593629] pci 0000:00:17.3: PCI bridge to [bus 16]
[    0.593745] pci 0000:00:17.3:   bridge window [mem 0xfc600000-0xfc6fffff]
[    0.593811] pci 0000:00:17.3:   bridge window [mem 0xe6c00000-0xe6cfffff 64bit pref]
[    0.594286] pci 0000:00:17.4: PCI bridge to [bus 17]
[    0.594400] pci 0000:00:17.4:   bridge window [mem 0xfc200000-0xfc2fffff]
[    0.594467] pci 0000:00:17.4:   bridge window [mem 0xe6800000-0xe68fffff 64bit pref]
[    0.594942] pci 0000:00:17.5: PCI bridge to [bus 18]
[    0.595057] pci 0000:00:17.5:   bridge window [mem 0xfbe00000-0xfbefffff]
[    0.595123] pci 0000:00:17.5:   bridge window [mem 0xe6400000-0xe64fffff 64bit pref]
[    0.595649] pci 0000:00:17.6: PCI bridge to [bus 19]
[    0.595834] pci 0000:00:17.6:   bridge window [mem 0xfba00000-0xfbafffff]
[    0.595941] pci 0000:00:17.6:   bridge window [mem 0xe6000000-0xe60fffff 64bit pref]
[    0.596788] pci 0000:00:17.7: PCI bridge to [bus 1a]
[    0.596915] pci 0000:00:17.7:   bridge window [mem 0xfb600000-0xfb6fffff]
[    0.596984] pci 0000:00:17.7:   bridge window [mem 0xe5c00000-0xe5cfffff 64bit pref]
[    0.597557] pci 0000:00:18.0: PCI bridge to [bus 1b]
[    0.597655] pci 0000:00:18.0:   bridge window [io  0x7000-0x7fff]
[    0.597694] pci 0000:00:18.0:   bridge window [mem 0xfd100000-0xfd1fffff]
[    0.597767] pci 0000:00:18.0:   bridge window [mem 0xe7700000-0xe77fffff 64bit pref]
[    0.598395] pci 0000:00:18.1: PCI bridge to [bus 1c]
[    0.598482] pci 0000:00:18.1:   bridge window [io  0xb000-0xbfff]
[    0.598518] pci 0000:00:18.1:   bridge window [mem 0xfcd00000-0xfcdfffff]
[    0.598585] pci 0000:00:18.1:   bridge window [mem 0xe7300000-0xe73fffff 64bit pref]
[    0.599084] pci 0000:00:18.2: PCI bridge to [bus 1d]
[    0.599201] pci 0000:00:18.2:   bridge window [mem 0xfc900000-0xfc9fffff]
[    0.599268] pci 0000:00:18.2:   bridge window [mem 0xe6f00000-0xe6ffffff 64bit pref]
[    0.599821] pci 0000:00:18.3: PCI bridge to [bus 1e]
[    0.599981] pci 0000:00:18.3:   bridge window [mem 0xfc500000-0xfc5fffff]
[    0.600160] pci 0000:00:18.3:   bridge window [mem 0xe6b00000-0xe6bfffff 64bit pref]
[    0.601347] pci 0000:00:18.4: PCI bridge to [bus 1f]
[    0.601765] pci 0000:00:18.4:   bridge window [mem 0xfc100000-0xfc1fffff]
[    0.601869] pci 0000:00:18.4:   bridge window [mem 0xe6700000-0xe67fffff 64bit pref]
[    0.602705] pci 0000:00:18.5: PCI bridge to [bus 20]
[    0.602910] pci 0000:00:18.5:   bridge window [mem 0xfbd00000-0xfbdfffff]
[    0.603034] pci 0000:00:18.5:   bridge window [mem 0xe6300000-0xe63fffff 64bit pref]
[    0.603560] pci 0000:00:18.6: PCI bridge to [bus 21]
[    0.603681] pci 0000:00:18.6:   bridge window [mem 0xfb900000-0xfb9fffff]
[    0.603749] pci 0000:00:18.6:   bridge window [mem 0xe5f00000-0xe5ffffff 64bit pref]
[    0.604229] pci 0000:00:18.7: PCI bridge to [bus 22]
[    0.604346] pci 0000:00:18.7:   bridge window [mem 0xfb500000-0xfb5fffff]
[    0.604413] pci 0000:00:18.7:   bridge window [mem 0xe5b00000-0xe5bfffff 64bit pref]
[    0.609055] ACPI: PCI Interrupt Link [LNKA] (IRQs 3 4 5 6 7 *9 10 11 14 15)
[    0.609289] ACPI: PCI Interrupt Link [LNKB] (IRQs 3 4 5 6 7 9 10 *11 14 15)
[    0.609478] ACPI: PCI Interrupt Link [LNKC] (IRQs 3 4 5 6 7 9 *10 11 14 15)
[    0.609720] ACPI: PCI Interrupt Link [LNKD] (IRQs 3 4 5 6 *7 9 10 11 14 15)
[    0.695584] SCSI subsystem initialized
[    0.696087] libata version 3.00 loaded.
[    0.696112] pci 0000:00:0f.0: vgaarb: setting as boot VGA device
[    0.696134] pci 0000:00:0f.0: vgaarb: VGA device added: decodes=io+mem,owns=io+mem,locks=none
[    0.696265] pci 0000:00:0f.0: vgaarb: bridge control possible
[    0.696344] vgaarb: loaded
[    0.696430] ACPI: bus type USB registered
[    0.696500] usbcore: registered new interface driver usbfs
[    0.696571] usbcore: registered new interface driver hub
[    0.696726] usbcore: registered new device driver usb
[    0.700128] EDAC MC: Ver: 3.0.0
[    0.704105] PCI: Using ACPI for IRQ routing
[    0.708297] PCI: pci_cache_line_size set to 64 bytes
[    0.711581] e820: reserve RAM buffer [mem 0x0009e800-0x0009ffff]
[    0.711585] e820: reserve RAM buffer [mem 0xbfed0000-0xbfffffff]
[    0.711774] NetLabel: Initializing
[    0.711832] NetLabel:  domain hash size = 128
[    0.711886] NetLabel:  protocols = UNLABELED CIPSOv4 CALIPSO
[    0.711965] NetLabel:  unlabeled traffic allowed by default
[    0.712922] hpet0: at MMIO 0xfed00000, IRQs 2, 8, 0, 0, 0, 0, 0, 0, 0, 0, 0, 0, 0, 0, 0, 0
[    0.713026] hpet0: 16 comparators, 64-bit 14.318180 MHz counter
[    0.718407] clocksource: Switched to clocksource hpet
[    0.735873] VFS: Disk quotas dquot_6.6.0
[    0.735988] VFS: Dquot-cache hash table entries: 512 (order 0, 4096 bytes)
[    0.736300] AppArmor: AppArmor Filesystem Enabled
[    0.736413] pnp: PnP ACPI init
[    0.736981] system 00:00: [io  0x1000-0x103f] has been reserved
[    0.737040] system 00:00: [io  0x1040-0x104f] has been reserved
[    0.737089] system 00:00: [io  0x0cf0-0x0cf1] has been reserved
[    0.737141] system 00:00: Plug and Play ACPI device, IDs PNP0c02 (active)
[    0.737167] pnp 00:01: Plug and Play ACPI device, IDs PNP0b00 (active)
[    0.737195] pnp 00:02: Plug and Play ACPI device, IDs PNP0303 (active)
[    0.737209] pnp 00:03: Plug and Play ACPI device, IDs VMW0003 PNP0f13 (active)
[    0.737582] system 00:04: [mem 0xfed00000-0xfed003ff] has been reserved
[    0.737643] system 00:04: Plug and Play ACPI device, IDs PNP0103 PNP0c01 (active)
[    0.741207] pnp 00:05: Plug and Play ACPI device, IDs PNP0501 (active)
[    0.741964] pnp 00:06: [dma 2]
[    0.742025] pnp 00:06: Plug and Play ACPI device, IDs PNP0700 (active)
[    0.742377] system 00:07: [io  0xfce0-0xfcff] has been reserved
[    0.742439] system 00:07: [mem 0xf0000000-0xf7ffffff] has been reserved
[    0.742493] system 00:07: [mem 0xfe800000-0xfe9fffff] has been reserved
[    0.742548] system 00:07: Plug and Play ACPI device, IDs PNP0c02 (active)
[    0.799377] pnp: PnP ACPI: found 8 devices
[    0.815641] clocksource: acpi_pm: mask: 0xffffff max_cycles: 0xffffff, max_idle_ns: 2085701024 ns
[    0.815746] pci 0000:00:15.3: bridge window [io  0x1000-0x0fff] to [bus 06] add_size 1000
[    0.815748] pci 0000:00:15.4: bridge window [io  0x1000-0x0fff] to [bus 07] add_size 1000
[    0.815749] pci 0000:00:15.5: bridge window [io  0x1000-0x0fff] to [bus 08] add_size 1000
[    0.815750] pci 0000:00:15.6: bridge window [io  0x1000-0x0fff] to [bus 09] add_size 1000
[    0.815751] pci 0000:00:15.7: bridge window [io  0x1000-0x0fff] to [bus 0a] add_size 1000
[    0.815753] pci 0000:00:16.3: bridge window [io  0x1000-0x0fff] to [bus 0e] add_size 1000
[    0.815754] pci 0000:00:16.4: bridge window [io  0x1000-0x0fff] to [bus 0f] add_size 1000
[    0.815755] pci 0000:00:16.5: bridge window [io  0x1000-0x0fff] to [bus 10] add_size 1000
[    0.815756] pci 0000:00:16.6: bridge window [io  0x1000-0x0fff] to [bus 11] add_size 1000
[    0.815757] pci 0000:00:16.7: bridge window [io  0x1000-0x0fff] to [bus 12] add_size 1000
[    0.815758] pci 0000:00:17.3: bridge window [io  0x1000-0x0fff] to [bus 16] add_size 1000
[    0.815760] pci 0000:00:17.4: bridge window [io  0x1000-0x0fff] to [bus 17] add_size 1000
[    0.815771] pci 0000:00:17.5: bridge window [io  0x1000-0x0fff] to [bus 18] add_size 1000
[    0.815773] pci 0000:00:17.6: bridge window [io  0x1000-0x0fff] to [bus 19] add_size 1000
[    0.815774] pci 0000:00:17.7: bridge window [io  0x1000-0x0fff] to [bus 1a] add_size 1000
[    0.815775] pci 0000:00:18.2: bridge window [io  0x1000-0x0fff] to [bus 1d] add_size 1000
[    0.815776] pci 0000:00:18.3: bridge window [io  0x1000-0x0fff] to [bus 1e] add_size 1000
[    0.815777] pci 0000:00:18.4: bridge window [io  0x1000-0x0fff] to [bus 1f] add_size 1000
[    0.815778] pci 0000:00:18.5: bridge window [io  0x1000-0x0fff] to [bus 20] add_size 1000
[    0.815779] pci 0000:00:18.6: bridge window [io  0x1000-0x0fff] to [bus 21] add_size 1000
[    0.815780] pci 0000:00:18.7: bridge window [io  0x1000-0x0fff] to [bus 22] add_size 1000
[    0.815794] pci 0000:00:0f.0: BAR 6: assigned [mem 0xc0000000-0xc0007fff pref]
[    0.815855] pci 0000:00:10.0: BAR 6: assigned [mem 0xc0008000-0xc000bfff pref]
[    0.815915] pci 0000:00:15.3: BAR 13: no space for [io  size 0x1000]
[    0.815965] pci 0000:00:15.3: BAR 13: failed to assign [io  size 0x1000]
[    0.816044] pci 0000:00:15.4: BAR 13: no space for [io  size 0x1000]
[    0.816095] pci 0000:00:15.4: BAR 13: failed to assign [io  size 0x1000]
[    0.816148] pci 0000:00:15.5: BAR 13: no space for [io  size 0x1000]
[    0.816198] pci 0000:00:15.5: BAR 13: failed to assign [io  size 0x1000]
[    0.816250] pci 0000:00:15.6: BAR 13: no space for [io  size 0x1000]
[    0.816300] pci 0000:00:15.6: BAR 13: failed to assign [io  size 0x1000]
[    0.816353] pci 0000:00:15.7: BAR 13: no space for [io  size 0x1000]
[    0.816403] pci 0000:00:15.7: BAR 13: failed to assign [io  size 0x1000]
[    0.816456] pci 0000:00:16.3: BAR 13: no space for [io  size 0x1000]
[    0.816506] pci 0000:00:16.3: BAR 13: failed to assign [io  size 0x1000]
[    0.816559] pci 0000:00:16.4: BAR 13: no space for [io  size 0x1000]
[    0.816609] pci 0000:00:16.4: BAR 13: failed to assign [io  size 0x1000]
[    0.816662] pci 0000:00:16.5: BAR 13: no space for [io  size 0x1000]
[    0.816712] pci 0000:00:16.5: BAR 13: failed to assign [io  size 0x1000]
[    0.816765] pci 0000:00:16.6: BAR 13: no space for [io  size 0x1000]
[    0.816815] pci 0000:00:16.6: BAR 13: failed to assign [io  size 0x1000]
[    0.816869] pci 0000:00:16.7: BAR 13: no space for [io  size 0x1000]
[    0.816919] pci 0000:00:16.7: BAR 13: failed to assign [io  size 0x1000]
[    0.816973] pci 0000:00:17.3: BAR 13: no space for [io  size 0x1000]
[    0.817053] pci 0000:00:17.3: BAR 13: failed to assign [io  size 0x1000]
[    0.817114] pci 0000:00:17.4: BAR 13: no space for [io  size 0x1000]
[    0.817166] pci 0000:00:17.4: BAR 13: failed to assign [io  size 0x1000]
[    0.817220] pci 0000:00:17.5: BAR 13: no space for [io  size 0x1000]
[    0.817271] pci 0000:00:17.5: BAR 13: failed to assign [io  size 0x1000]
[    0.817326] pci 0000:00:17.6: BAR 13: no space for [io  size 0x1000]
[    0.817377] pci 0000:00:17.6: BAR 13: failed to assign [io  size 0x1000]
[    0.817449] pci 0000:00:17.7: BAR 13: no space for [io  size 0x1000]
[    0.817516] pci 0000:00:17.7: BAR 13: failed to assign [io  size 0x1000]
[    0.817586] pci 0000:00:18.2: BAR 13: no space for [io  size 0x1000]
[    0.817652] pci 0000:00:18.2: BAR 13: failed to assign [io  size 0x1000]
[    0.817723] pci 0000:00:18.3: BAR 13: no space for [io  size 0x1000]
[    0.817789] pci 0000:00:18.3: BAR 13: failed to assign [io  size 0x1000]
[    0.817861] pci 0000:00:18.4: BAR 13: no space for [io  size 0x1000]
[    0.817927] pci 0000:00:18.4: BAR 13: failed to assign [io  size 0x1000]
[    0.817997] pci 0000:00:18.5: BAR 13: no space for [io  size 0x1000]
[    0.818063] pci 0000:00:18.5: BAR 13: failed to assign [io  size 0x1000]
[    0.818134] pci 0000:00:18.6: BAR 13: no space for [io  size 0x1000]
[    0.818201] pci 0000:00:18.6: BAR 13: failed to assign [io  size 0x1000]
[    0.818271] pci 0000:00:18.7: BAR 13: no space for [io  size 0x1000]
[    0.818336] pci 0000:00:18.7: BAR 13: failed to assign [io  size 0x1000]
[    0.818417] pci 0000:00:18.7: BAR 13: no space for [io  size 0x1000]
[    0.818482] pci 0000:00:18.7: BAR 13: failed to assign [io  size 0x1000]
[    0.818548] pci 0000:00:18.6: BAR 13: no space for [io  size 0x1000]
[    0.818615] pci 0000:00:18.6: BAR 13: failed to assign [io  size 0x1000]
[    0.818716] pci 0000:00:18.5: BAR 13: no space for [io  size 0x1000]
[    0.818788] pci 0000:00:18.5: BAR 13: failed to assign [io  size 0x1000]
[    0.818895] pci 0000:00:18.4: BAR 13: no space for [io  size 0x1000]
[    0.819021] pci 0000:00:18.4: BAR 13: failed to assign [io  size 0x1000]
[    0.819075] pci 0000:00:18.3: BAR 13: no space for [io  size 0x1000]
[    0.819125] pci 0000:00:18.3: BAR 13: failed to assign [io  size 0x1000]
[    0.819178] pci 0000:00:18.2: BAR 13: no space for [io  size 0x1000]
[    0.819228] pci 0000:00:18.2: BAR 13: failed to assign [io  size 0x1000]
[    0.819281] pci 0000:00:17.7: BAR 13: no space for [io  size 0x1000]
[    0.819330] pci 0000:00:17.7: BAR 13: failed to assign [io  size 0x1000]
[    0.819383] pci 0000:00:17.6: BAR 13: no space for [io  size 0x1000]
[    0.819433] pci 0000:00:17.6: BAR 13: failed to assign [io  size 0x1000]
[    0.819486] pci 0000:00:17.5: BAR 13: no space for [io  size 0x1000]
[    0.819536] pci 0000:00:17.5: BAR 13: failed to assign [io  size 0x1000]
[    0.819589] pci 0000:00:17.4: BAR 13: no space for [io  size 0x1000]
[    0.819639] pci 0000:00:17.4: BAR 13: failed to assign [io  size 0x1000]
[    0.819693] pci 0000:00:17.3: BAR 13: no space for [io  size 0x1000]
[    0.819743] pci 0000:00:17.3: BAR 13: failed to assign [io  size 0x1000]
[    0.819797] pci 0000:00:16.7: BAR 13: no space for [io  size 0x1000]
[    0.819847] pci 0000:00:16.7: BAR 13: failed to assign [io  size 0x1000]
[    0.819900] pci 0000:00:16.6: BAR 13: no space for [io  size 0x1000]
[    0.819950] pci 0000:00:16.6: BAR 13: failed to assign [io  size 0x1000]
[    0.820031] pci 0000:00:16.5: BAR 13: no space for [io  size 0x1000]
[    0.820083] pci 0000:00:16.5: BAR 13: failed to assign [io  size 0x1000]
[    0.820135] pci 0000:00:16.4: BAR 13: no space for [io  size 0x1000]
[    0.820185] pci 0000:00:16.4: BAR 13: failed to assign [io  size 0x1000]
[    0.820238] pci 0000:00:16.3: BAR 13: no space for [io  size 0x1000]
[    0.820288] pci 0000:00:16.3: BAR 13: failed to assign [io  size 0x1000]
[    0.820342] pci 0000:00:15.7: BAR 13: no space for [io  size 0x1000]
[    0.820392] pci 0000:00:15.7: BAR 13: failed to assign [io  size 0x1000]
[    0.820445] pci 0000:00:15.6: BAR 13: no space for [io  size 0x1000]
[    0.820495] pci 0000:00:15.6: BAR 13: failed to assign [io  size 0x1000]
[    0.820547] pci 0000:00:15.5: BAR 13: no space for [io  size 0x1000]
[    0.820597] pci 0000:00:15.5: BAR 13: failed to assign [io  size 0x1000]
[    0.820651] pci 0000:00:15.4: BAR 13: no space for [io  size 0x1000]
[    0.820701] pci 0000:00:15.4: BAR 13: failed to assign [io  size 0x1000]
[    0.820755] pci 0000:00:15.3: BAR 13: no space for [io  size 0x1000]
[    0.820805] pci 0000:00:15.3: BAR 13: failed to assign [io  size 0x1000]
[    0.820860] pci 0000:00:01.0: PCI bridge to [bus 01]
[    0.827859] pci 0000:02:01.0: BAR 6: assigned [mem 0xfd500000-0xfd50ffff pref]
[    0.827959] pci 0000:02:05.0: BAR 6: assigned [mem 0xfd510000-0xfd51ffff pref]
[    0.828067] pci 0000:00:11.0: PCI bridge to [bus 02]
[    0.828162] pci 0000:00:11.0:   bridge window [io  0x2000-0x3fff]
[    0.828305] pci 0000:00:11.0:   bridge window [mem 0xfd500000-0xfdffffff]
[    0.828430] pci 0000:00:11.0:   bridge window [mem 0xe7b00000-0xe7ffffff 64bit pref]
[    0.828862] pci 0000:00:15.0: PCI bridge to [bus 03]
[    0.828946] pci 0000:00:15.0:   bridge window [io  0x4000-0x4fff]
[    0.829091] pci 0000:00:15.0:   bridge window [mem 0xfd400000-0xfd4fffff]
[    0.829218] pci 0000:00:15.0:   bridge window [mem 0xe7a00000-0xe7afffff 64bit pref]
[    0.829462] pci 0000:00:15.1: PCI bridge to [bus 04]
[    0.829553] pci 0000:00:15.1:   bridge window [io  0x8000-0x8fff]
[    0.829697] pci 0000:00:15.1:   bridge window [mem 0xfd000000-0xfd0fffff]
[    0.829823] pci 0000:00:15.1:   bridge window [mem 0xe7600000-0xe76fffff 64bit pref]
[    0.830028] pci 0000:00:15.2: PCI bridge to [bus 05]
[    0.830117] pci 0000:00:15.2:   bridge window [io  0xc000-0xcfff]
[    0.830459] pci 0000:00:15.2:   bridge window [mem 0xfcc00000-0xfccfffff]
[    0.830637] pci 0000:00:15.2:   bridge window [mem 0xe7200000-0xe72fffff 64bit pref]
[    0.831060] pci 0000:00:15.3: PCI bridge to [bus 06]
[    0.831491] pci 0000:00:15.3:   bridge window [mem 0xfc800000-0xfc8fffff]
[    0.831621] pci 0000:00:15.3:   bridge window [mem 0xe6e00000-0xe6efffff 64bit pref]
[    0.831867] pci 0000:00:15.4: PCI bridge to [bus 07]
[    0.832170] pci 0000:00:15.4:   bridge window [mem 0xfc400000-0xfc4fffff]
[    0.832307] pci 0000:00:15.4:   bridge window [mem 0xe6a00000-0xe6afffff 64bit pref]
[    0.832516] pci 0000:00:15.5: PCI bridge to [bus 08]
[    0.832645] pci 0000:00:15.5:   bridge window [mem 0xfc000000-0xfc0fffff]
[    0.832831] pci 0000:00:15.5:   bridge window [mem 0xe6600000-0xe66fffff 64bit pref]
[    0.833002] pci 0000:00:15.6: PCI bridge to [bus 09]
[    0.833100] pci 0000:00:15.6:   bridge window [mem 0xfbc00000-0xfbcfffff]
[    0.833189] pci 0000:00:15.6:   bridge window [mem 0xe6200000-0xe62fffff 64bit pref]
[    0.833334] pci 0000:00:15.7: PCI bridge to [bus 0a]
[    0.833431] pci 0000:00:15.7:   bridge window [mem 0xfb800000-0xfb8fffff]
[    0.833520] pci 0000:00:15.7:   bridge window [mem 0xe5e00000-0xe5efffff 64bit pref]
[    0.833664] pci 0000:00:16.0: PCI bridge to [bus 0b]
[    0.833728] pci 0000:00:16.0:   bridge window [io  0x5000-0x5fff]
[    0.833830] pci 0000:00:16.0:   bridge window [mem 0xfd300000-0xfd3fffff]
[    0.833919] pci 0000:00:16.0:   bridge window [mem 0xe7900000-0xe79fffff 64bit pref]
[    0.834062] pci 0000:00:16.1: PCI bridge to [bus 0c]
[    0.834125] pci 0000:00:16.1:   bridge window [io  0x9000-0x9fff]
[    0.834227] pci 0000:00:16.1:   bridge window [mem 0xfcf00000-0xfcffffff]
[    0.834316] pci 0000:00:16.1:   bridge window [mem 0xe7500000-0xe75fffff 64bit pref]
[    0.834459] pci 0000:00:16.2: PCI bridge to [bus 0d]
[    0.834523] pci 0000:00:16.2:   bridge window [io  0xd000-0xdfff]
[    0.834625] pci 0000:00:16.2:   bridge window [mem 0xfcb00000-0xfcbfffff]
[    0.834714] pci 0000:00:16.2:   bridge window [mem 0xe7100000-0xe71fffff 64bit pref]
[    0.834857] pci 0000:00:16.3: PCI bridge to [bus 0e]
[    0.834954] pci 0000:00:16.3:   bridge window [mem 0xfc700000-0xfc7fffff]
[    0.835043] pci 0000:00:16.3:   bridge window [mem 0xe6d00000-0xe6dfffff 64bit pref]
[    0.835186] pci 0000:00:16.4: PCI bridge to [bus 0f]
[    0.835282] pci 0000:00:16.4:   bridge window [mem 0xfc300000-0xfc3fffff]
[    0.835371] pci 0000:00:16.4:   bridge window [mem 0xe6900000-0xe69fffff 64bit pref]
[    0.835517] pci 0000:00:16.5: PCI bridge to [bus 10]
[    0.835614] pci 0000:00:16.5:   bridge window [mem 0xfbf00000-0xfbffffff]
[    0.835702] pci 0000:00:16.5:   bridge window [mem 0xe6500000-0xe65fffff 64bit pref]
[    0.835845] pci 0000:00:16.6: PCI bridge to [bus 11]
[    0.835974] pci 0000:00:16.6:   bridge window [mem 0xfbb00000-0xfbbfffff]
[    0.836133] pci 0000:00:16.6:   bridge window [mem 0xe6100000-0xe61fffff 64bit pref]
[    0.836291] pci 0000:00:16.7: PCI bridge to [bus 12]
[    0.836388] pci 0000:00:16.7:   bridge window [mem 0xfb700000-0xfb7fffff]
[    0.836476] pci 0000:00:16.7:   bridge window [mem 0xe5d00000-0xe5dfffff 64bit pref]
[    0.836633] pci 0000:00:17.0: PCI bridge to [bus 13]
[    0.836766] pci 0000:00:17.0:   bridge window [io  0x6000-0x6fff]
[    0.836918] pci 0000:00:17.0:   bridge window [mem 0xfd200000-0xfd2fffff]
[    0.837008] pci 0000:00:17.0:   bridge window [mem 0xe7800000-0xe78fffff 64bit pref]
[    0.837155] pci 0000:00:17.1: PCI bridge to [bus 14]
[    0.837219] pci 0000:00:17.1:   bridge window [io  0xa000-0xafff]
[    0.837320] pci 0000:00:17.1:   bridge window [mem 0xfce00000-0xfcefffff]
[    0.837409] pci 0000:00:17.1:   bridge window [mem 0xe7400000-0xe74fffff 64bit pref]
[    0.837551] pci 0000:00:17.2: PCI bridge to [bus 15]
[    0.837614] pci 0000:00:17.2:   bridge window [io  0xe000-0xefff]
[    0.837715] pci 0000:00:17.2:   bridge window [mem 0xfca00000-0xfcafffff]
[    0.837803] pci 0000:00:17.2:   bridge window [mem 0xe7000000-0xe70fffff 64bit pref]
[    0.837980] pci 0000:00:17.3: PCI bridge to [bus 16]
[    0.838088] pci 0000:00:17.3:   bridge window [mem 0xfc600000-0xfc6fffff]
[    0.838832] pci 0000:00:17.3:   bridge window [mem 0xe6c00000-0xe6cfffff 64bit pref]
[    0.839036] pci 0000:00:17.4: PCI bridge to [bus 17]
[    0.839137] pci 0000:00:17.4:   bridge window [mem 0xfc200000-0xfc2fffff]
[    0.839228] pci 0000:00:17.4:   bridge window [mem 0xe6800000-0xe68fffff 64bit pref]
[    0.839386] pci 0000:00:17.5: PCI bridge to [bus 18]
[    0.839484] pci 0000:00:17.5:   bridge window [mem 0xfbe00000-0xfbefffff]
[    0.839573] pci 0000:00:17.5:   bridge window [mem 0xe6400000-0xe64fffff 64bit pref]
[    0.839719] pci 0000:00:17.6: PCI bridge to [bus 19]
[    0.839857] pci 0000:00:17.6:   bridge window [mem 0xfba00000-0xfbafffff]
[    0.840597] pci 0000:00:17.6:   bridge window [mem 0xe6000000-0xe60fffff 64bit pref]
[    0.840848] pci 0000:00:17.7: PCI bridge to [bus 1a]
[    0.841003] pci 0000:00:17.7:   bridge window [mem 0xfb600000-0xfb6fffff]
[    0.841205] pci 0000:00:17.7:   bridge window [mem 0xe5c00000-0xe5cfffff 64bit pref]
[    0.841477] pci 0000:00:18.0: PCI bridge to [bus 1b]
[    0.841624] pci 0000:00:18.0:   bridge window [io  0x7000-0x7fff]
[    0.841780] pci 0000:00:18.0:   bridge window [mem 0xfd100000-0xfd1fffff]
[    0.841954] pci 0000:00:18.0:   bridge window [mem 0xe7700000-0xe77fffff 64bit pref]
[    0.842460] pci 0000:00:18.1: PCI bridge to [bus 1c]
[    0.842589] pci 0000:00:18.1:   bridge window [io  0xb000-0xbfff]
[    0.842744] pci 0000:00:18.1:   bridge window [mem 0xfcd00000-0xfcdfffff]
[    0.842917] pci 0000:00:18.1:   bridge window [mem 0xe7300000-0xe73fffff 64bit pref]
[    0.843145] pci 0000:00:18.2: PCI bridge to [bus 1d]
[    0.843252] pci 0000:00:18.2:   bridge window [mem 0xfc900000-0xfc9fffff]
[    0.843342] pci 0000:00:18.2:   bridge window [mem 0xe6f00000-0xe6ffffff 64bit pref]
[    0.843615] pci 0000:00:18.3: PCI bridge to [bus 1e]
[    0.843767] pci 0000:00:18.3:   bridge window [mem 0xfc500000-0xfc5fffff]
[    0.843859] pci 0000:00:18.3:   bridge window [mem 0xe6b00000-0xe6bfffff 64bit pref]
[    0.844071] pci 0000:00:18.4: PCI bridge to [bus 1f]
[    0.844190] pci 0000:00:18.4:   bridge window [mem 0xfc100000-0xfc1fffff]
[    0.844281] pci 0000:00:18.4:   bridge window [mem 0xe6700000-0xe67fffff 64bit pref]
[    0.844430] pci 0000:00:18.5: PCI bridge to [bus 20]
[    0.844528] pci 0000:00:18.5:   bridge window [mem 0xfbd00000-0xfbdfffff]
[    0.844619] pci 0000:00:18.5:   bridge window [mem 0xe6300000-0xe63fffff 64bit pref]
[    0.844764] pci 0000:00:18.6: PCI bridge to [bus 21]
[    0.844862] pci 0000:00:18.6:   bridge window [mem 0xfb900000-0xfb9fffff]
[    0.844953] pci 0000:00:18.6:   bridge window [mem 0xe5f00000-0xe5ffffff 64bit pref]
[    0.845097] pci 0000:00:18.7: PCI bridge to [bus 22]
[    0.845195] pci 0000:00:18.7:   bridge window [mem 0xfb500000-0xfb5fffff]
[    0.845285] pci 0000:00:18.7:   bridge window [mem 0xe5b00000-0xe5bfffff 64bit pref]
[    0.845430] pci_bus 0000:00: resource 4 [mem 0x000a0000-0x000bffff window]
[    0.845431] pci_bus 0000:00: resource 5 [mem 0x000d0000-0x000d3fff window]
[    0.845432] pci_bus 0000:00: resource 6 [mem 0x000d4000-0x000d7fff window]
[    0.845433] pci_bus 0000:00: resource 7 [mem 0x000d8000-0x000dbfff window]
[    0.845433] pci_bus 0000:00: resource 8 [mem 0xc0000000-0xfebfffff window]
[    0.845434] pci_bus 0000:00: resource 9 [io  0x0000-0x0cf7 window]
[    0.845435] pci_bus 0000:00: resource 10 [io  0x0d00-0xfeff window]
[    0.845437] pci_bus 0000:02: resource 0 [io  0x2000-0x3fff]
[    0.845438] pci_bus 0000:02: resource 1 [mem 0xfd500000-0xfdffffff]
[    0.845439] pci_bus 0000:02: resource 2 [mem 0xe7b00000-0xe7ffffff 64bit pref]
[    0.845439] pci_bus 0000:02: resource 4 [mem 0x000a0000-0x000bffff window]
[    0.845440] pci_bus 0000:02: resource 5 [mem 0x000d0000-0x000d3fff window]
[    0.845441] pci_bus 0000:02: resource 6 [mem 0x000d4000-0x000d7fff window]
[    0.845442] pci_bus 0000:02: resource 7 [mem 0x000d8000-0x000dbfff window]
[    0.845442] pci_bus 0000:02: resource 8 [mem 0xc0000000-0xfebfffff window]
[    0.845443] pci_bus 0000:02: resource 9 [io  0x0000-0x0cf7 window]
[    0.845444] pci_bus 0000:02: resource 10 [io  0x0d00-0xfeff window]
[    0.845445] pci_bus 0000:03: resource 0 [io  0x4000-0x4fff]
[    0.845446] pci_bus 0000:03: resource 1 [mem 0xfd400000-0xfd4fffff]
[    0.845447] pci_bus 0000:03: resource 2 [mem 0xe7a00000-0xe7afffff 64bit pref]
[    0.845448] pci_bus 0000:04: resource 0 [io  0x8000-0x8fff]
[    0.845449] pci_bus 0000:04: resource 1 [mem 0xfd000000-0xfd0fffff]
[    0.845449] pci_bus 0000:04: resource 2 [mem 0xe7600000-0xe76fffff 64bit pref]
[    0.845450] pci_bus 0000:05: resource 0 [io  0xc000-0xcfff]
[    0.845451] pci_bus 0000:05: resource 1 [mem 0xfcc00000-0xfccfffff]
[    0.845451] pci_bus 0000:05: resource 2 [mem 0xe7200000-0xe72fffff 64bit pref]
[    0.845453] pci_bus 0000:06: resource 1 [mem 0xfc800000-0xfc8fffff]
[    0.845453] pci_bus 0000:06: resource 2 [mem 0xe6e00000-0xe6efffff 64bit pref]
[    0.845454] pci_bus 0000:07: resource 1 [mem 0xfc400000-0xfc4fffff]
[    0.845455] pci_bus 0000:07: resource 2 [mem 0xe6a00000-0xe6afffff 64bit pref]
[    0.845456] pci_bus 0000:08: resource 1 [mem 0xfc000000-0xfc0fffff]
[    0.845456] pci_bus 0000:08: resource 2 [mem 0xe6600000-0xe66fffff 64bit pref]
[    0.845457] pci_bus 0000:09: resource 1 [mem 0xfbc00000-0xfbcfffff]
[    0.845458] pci_bus 0000:09: resource 2 [mem 0xe6200000-0xe62fffff 64bit pref]
[    0.845459] pci_bus 0000:0a: resource 1 [mem 0xfb800000-0xfb8fffff]
[    0.845460] pci_bus 0000:0a: resource 2 [mem 0xe5e00000-0xe5efffff 64bit pref]
[    0.845460] pci_bus 0000:0b: resource 0 [io  0x5000-0x5fff]
[    0.845461] pci_bus 0000:0b: resource 1 [mem 0xfd300000-0xfd3fffff]
[    0.845462] pci_bus 0000:0b: resource 2 [mem 0xe7900000-0xe79fffff 64bit pref]
[    0.845463] pci_bus 0000:0c: resource 0 [io  0x9000-0x9fff]
[    0.845463] pci_bus 0000:0c: resource 1 [mem 0xfcf00000-0xfcffffff]
[    0.845464] pci_bus 0000:0c: resource 2 [mem 0xe7500000-0xe75fffff 64bit pref]
[    0.845465] pci_bus 0000:0d: resource 0 [io  0xd000-0xdfff]
[    0.845466] pci_bus 0000:0d: resource 1 [mem 0xfcb00000-0xfcbfffff]
[    0.845466] pci_bus 0000:0d: resource 2 [mem 0xe7100000-0xe71fffff 64bit pref]
[    0.845467] pci_bus 0000:0e: resource 1 [mem 0xfc700000-0xfc7fffff]
[    0.845468] pci_bus 0000:0e: resource 2 [mem 0xe6d00000-0xe6dfffff 64bit pref]
[    0.845469] pci_bus 0000:0f: resource 1 [mem 0xfc300000-0xfc3fffff]
[    0.845470] pci_bus 0000:0f: resource 2 [mem 0xe6900000-0xe69fffff 64bit pref]
[    0.845471] pci_bus 0000:10: resource 1 [mem 0xfbf00000-0xfbffffff]
[    0.845471] pci_bus 0000:10: resource 2 [mem 0xe6500000-0xe65fffff 64bit pref]
[    0.845472] pci_bus 0000:11: resource 1 [mem 0xfbb00000-0xfbbfffff]
[    0.845473] pci_bus 0000:11: resource 2 [mem 0xe6100000-0xe61fffff 64bit pref]
[    0.845474] pci_bus 0000:12: resource 1 [mem 0xfb700000-0xfb7fffff]
[    0.845474] pci_bus 0000:12: resource 2 [mem 0xe5d00000-0xe5dfffff 64bit pref]
[    0.845475] pci_bus 0000:13: resource 0 [io  0x6000-0x6fff]
[    0.845476] pci_bus 0000:13: resource 1 [mem 0xfd200000-0xfd2fffff]
[    0.845477] pci_bus 0000:13: resource 2 [mem 0xe7800000-0xe78fffff 64bit pref]
[    0.845477] pci_bus 0000:14: resource 0 [io  0xa000-0xafff]
[    0.845478] pci_bus 0000:14: resource 1 [mem 0xfce00000-0xfcefffff]
[    0.845479] pci_bus 0000:14: resource 2 [mem 0xe7400000-0xe74fffff 64bit pref]
[    0.845480] pci_bus 0000:15: resource 0 [io  0xe000-0xefff]
[    0.845480] pci_bus 0000:15: resource 1 [mem 0xfca00000-0xfcafffff]
[    0.845481] pci_bus 0000:15: resource 2 [mem 0xe7000000-0xe70fffff 64bit pref]
[    0.845482] pci_bus 0000:16: resource 1 [mem 0xfc600000-0xfc6fffff]
[    0.845482] pci_bus 0000:16: resource 2 [mem 0xe6c00000-0xe6cfffff 64bit pref]
[    0.845483] pci_bus 0000:17: resource 1 [mem 0xfc200000-0xfc2fffff]
[    0.845484] pci_bus 0000:17: resource 2 [mem 0xe6800000-0xe68fffff 64bit pref]
[    0.845485] pci_bus 0000:18: resource 1 [mem 0xfbe00000-0xfbefffff]
[    0.845486] pci_bus 0000:18: resource 2 [mem 0xe6400000-0xe64fffff 64bit pref]
[    0.845486] pci_bus 0000:19: resource 1 [mem 0xfba00000-0xfbafffff]
[    0.845487] pci_bus 0000:19: resource 2 [mem 0xe6000000-0xe60fffff 64bit pref]
[    0.845488] pci_bus 0000:1a: resource 1 [mem 0xfb600000-0xfb6fffff]
[    0.845489] pci_bus 0000:1a: resource 2 [mem 0xe5c00000-0xe5cfffff 64bit pref]
[    0.845490] pci_bus 0000:1b: resource 0 [io  0x7000-0x7fff]
[    0.845490] pci_bus 0000:1b: resource 1 [mem 0xfd100000-0xfd1fffff]
[    0.845491] pci_bus 0000:1b: resource 2 [mem 0xe7700000-0xe77fffff 64bit pref]
[    0.845492] pci_bus 0000:1c: resource 0 [io  0xb000-0xbfff]
[    0.845492] pci_bus 0000:1c: resource 1 [mem 0xfcd00000-0xfcdfffff]
[    0.845493] pci_bus 0000:1c: resource 2 [mem 0xe7300000-0xe73fffff 64bit pref]
[    0.845494] pci_bus 0000:1d: resource 1 [mem 0xfc900000-0xfc9fffff]
[    0.845495] pci_bus 0000:1d: resource 2 [mem 0xe6f00000-0xe6ffffff 64bit pref]
[    0.845495] pci_bus 0000:1e: resource 1 [mem 0xfc500000-0xfc5fffff]
[    0.845496] pci_bus 0000:1e: resource 2 [mem 0xe6b00000-0xe6bfffff 64bit pref]
[    0.845497] pci_bus 0000:1f: resource 1 [mem 0xfc100000-0xfc1fffff]
[    0.845497] pci_bus 0000:1f: resource 2 [mem 0xe6700000-0xe67fffff 64bit pref]
[    0.845498] pci_bus 0000:20: resource 1 [mem 0xfbd00000-0xfbdfffff]
[    0.845499] pci_bus 0000:20: resource 2 [mem 0xe6300000-0xe63fffff 64bit pref]
[    0.845500] pci_bus 0000:21: resource 1 [mem 0xfb900000-0xfb9fffff]
[    0.845500] pci_bus 0000:21: resource 2 [mem 0xe5f00000-0xe5ffffff 64bit pref]
[    0.845501] pci_bus 0000:22: resource 1 [mem 0xfb500000-0xfb5fffff]
[    0.845502] pci_bus 0000:22: resource 2 [mem 0xe5b00000-0xe5bfffff 64bit pref]
[    0.845835] NET: Registered protocol family 2
[    0.846396] TCP established hash table entries: 32768 (order: 6, 262144 bytes)
[    0.846558] TCP bind hash table entries: 32768 (order: 7, 524288 bytes)
[    0.846747] TCP: Hash tables configured (established 32768 bind 32768)
[    0.846989] UDP hash table entries: 2048 (order: 4, 65536 bytes)
[    0.847064] UDP-Lite hash table entries: 2048 (order: 4, 65536 bytes)
[    0.847358] NET: Registered protocol family 1
[    0.847412] pci 0000:00:00.0: Limiting direct PCI/PCI transfers
[    0.847675] pci 0000:00:0f.0: Video device with shadowed ROM at [mem 0x000c0000-0x000dffff]
[    0.849459] PCI: CLS mismatch (32 != 64), using 64 bytes
[    0.850849] Unpacking initramfs...
[    1.599860] Freeing initrd memory: 57092K
[    1.599918] PCI-DMA: Using software bounce buffering for IO (SWIOTLB)
[    1.599971] software IO TLB: mapped [mem 0xbbed0000-0xbfed0000] (64MB)
[    1.600295] Scanning for low memory corruption every 60 seconds
[    1.604330] Initialise system trusted keyrings
[    1.604394] Key type blacklist registered
[    1.604643] workingset: timestamp_bits=36 max_order=20 bucket_order=0
[    1.606426] zbud: loaded
[    1.607364] squashfs: version 4.0 (2009/01/31) Phillip Lougher
[    1.607916] fuse init (API version 7.26)
[    1.624385] Key type asymmetric registered
[    1.624438] Asymmetric key parser 'x509' registered
[    1.624540] Block layer SCSI generic (bsg) driver version 0.4 loaded (major 246)
[    1.625359] io scheduler noop registered
[    1.625402] io scheduler deadline registered
[    1.625597] io scheduler cfq registered (default)
[    1.664176] pcieport 0000:00:15.0: Signaling PME with IRQ 24
[    1.664574] pcieport 0000:00:15.1: Signaling PME with IRQ 25
[    1.664930] pcieport 0000:00:15.2: Signaling PME with IRQ 26
[    1.665280] pcieport 0000:00:15.3: Signaling PME with IRQ 27
[    1.665632] pcieport 0000:00:15.4: Signaling PME with IRQ 28
[    1.665985] pcieport 0000:00:15.5: Signaling PME with IRQ 29
[    1.666337] pcieport 0000:00:15.6: Signaling PME with IRQ 30
[    1.666686] pcieport 0000:00:15.7: Signaling PME with IRQ 31
[    1.667036] pcieport 0000:00:16.0: Signaling PME with IRQ 32
[    1.667385] pcieport 0000:00:16.1: Signaling PME with IRQ 33
[    1.668336] pcieport 0000:00:16.2: Signaling PME with IRQ 34
[    1.668765] pcieport 0000:00:16.3: Signaling PME with IRQ 35
[    1.669298] pcieport 0000:00:16.4: Signaling PME with IRQ 36
[    1.669649] pcieport 0000:00:16.5: Signaling PME with IRQ 37
[    1.669998] pcieport 0000:00:16.6: Signaling PME with IRQ 38
[    1.670353] pcieport 0000:00:16.7: Signaling PME with IRQ 39
[    1.670704] pcieport 0000:00:17.0: Signaling PME with IRQ 40
[    1.671056] pcieport 0000:00:17.1: Signaling PME with IRQ 41
[    1.671406] pcieport 0000:00:17.2: Signaling PME with IRQ 42
[    1.671760] pcieport 0000:00:17.3: Signaling PME with IRQ 43
[    1.672205] pcieport 0000:00:17.4: Signaling PME with IRQ 44
[    1.673035] pcieport 0000:00:17.5: Signaling PME with IRQ 45
[    1.674242] pcieport 0000:00:17.6: Signaling PME with IRQ 46
[    1.674692] pcieport 0000:00:17.7: Signaling PME with IRQ 47
[    1.675245] pcieport 0000:00:18.0: Signaling PME with IRQ 48
[    1.675614] pcieport 0000:00:18.1: Signaling PME with IRQ 49
[    1.675965] pcieport 0000:00:18.2: Signaling PME with IRQ 50
[    1.677361] pcieport 0000:00:18.3: Signaling PME with IRQ 51
[    1.678064] pcieport 0000:00:18.4: Signaling PME with IRQ 52
[    1.678444] pcieport 0000:00:18.5: Signaling PME with IRQ 53
[    1.678903] pcieport 0000:00:18.6: Signaling PME with IRQ 54
[    1.679282] pcieport 0000:00:18.7: Signaling PME with IRQ 55
[    1.679451] pciehp 0000:00:15.0:pcie004: Slot #160 AttnBtn+ PwrCtrl+ MRL- AttnInd- PwrInd- HotPlug+ Surprise- Interlock- NoCompl+ LLActRep+
[    1.679867] pciehp 0000:00:15.1:pcie004: Slot #161 AttnBtn+ PwrCtrl+ MRL- AttnInd- PwrInd- HotPlug+ Surprise- Interlock- NoCompl+ LLActRep+
[    1.680491] pciehp 0000:00:15.2:pcie004: Slot #162 AttnBtn+ PwrCtrl+ MRL- AttnInd- PwrInd- HotPlug+ Surprise- Interlock- NoCompl+ LLActRep+
[    1.680777] pciehp 0000:00:15.3:pcie004: Slot #163 AttnBtn+ PwrCtrl+ MRL- AttnInd- PwrInd- HotPlug+ Surprise- Interlock- NoCompl+ LLActRep+
[    1.681049] pciehp 0000:00:15.4:pcie004: Slot #164 AttnBtn+ PwrCtrl+ MRL- AttnInd- PwrInd- HotPlug+ Surprise- Interlock- NoCompl+ LLActRep+
[    1.681329] pciehp 0000:00:15.5:pcie004: Slot #165 AttnBtn+ PwrCtrl+ MRL- AttnInd- PwrInd- HotPlug+ Surprise- Interlock- NoCompl+ LLActRep+
[    1.681597] pciehp 0000:00:15.6:pcie004: Slot #166 AttnBtn+ PwrCtrl+ MRL- AttnInd- PwrInd- HotPlug+ Surprise- Interlock- NoCompl+ LLActRep+
[    1.681862] pciehp 0000:00:15.7:pcie004: Slot #167 AttnBtn+ PwrCtrl+ MRL- AttnInd- PwrInd- HotPlug+ Surprise- Interlock- NoCompl+ LLActRep+
[    1.682177] pciehp 0000:00:16.0:pcie004: Slot #192 AttnBtn+ PwrCtrl+ MRL- AttnInd- PwrInd- HotPlug+ Surprise- Interlock- NoCompl+ LLActRep+
[    1.683004] pciehp 0000:00:16.1:pcie004: Slot #193 AttnBtn+ PwrCtrl+ MRL- AttnInd- PwrInd- HotPlug+ Surprise- Interlock- NoCompl+ LLActRep+
[    1.683838] pciehp 0000:00:16.2:pcie004: Slot #194 AttnBtn+ PwrCtrl+ MRL- AttnInd- PwrInd- HotPlug+ Surprise- Interlock- NoCompl+ LLActRep+
[    1.684146] pciehp 0000:00:16.3:pcie004: Slot #195 AttnBtn+ PwrCtrl+ MRL- AttnInd- PwrInd- HotPlug+ Surprise- Interlock- NoCompl+ LLActRep+
[    1.684430] pciehp 0000:00:16.4:pcie004: Slot #196 AttnBtn+ PwrCtrl+ MRL- AttnInd- PwrInd- HotPlug+ Surprise- Interlock- NoCompl+ LLActRep+
[    1.684726] pciehp 0000:00:16.5:pcie004: Slot #197 AttnBtn+ PwrCtrl+ MRL- AttnInd- PwrInd- HotPlug+ Surprise- Interlock- NoCompl+ LLActRep+
[    1.685257] pciehp 0000:00:16.6:pcie004: Slot #198 AttnBtn+ PwrCtrl+ MRL- AttnInd- PwrInd- HotPlug+ Surprise- Interlock- NoCompl+ LLActRep+
[    1.685649] pciehp 0000:00:16.7:pcie004: Slot #199 AttnBtn+ PwrCtrl+ MRL- AttnInd- PwrInd- HotPlug+ Surprise- Interlock- NoCompl+ LLActRep+
[    1.686061] pciehp 0000:00:17.0:pcie004: Slot #224 AttnBtn+ PwrCtrl+ MRL- AttnInd- PwrInd- HotPlug+ Surprise- Interlock- NoCompl+ LLActRep+
[    1.686542] pciehp 0000:00:17.1:pcie004: Slot #225 AttnBtn+ PwrCtrl+ MRL- AttnInd- PwrInd- HotPlug+ Surprise- Interlock- NoCompl+ LLActRep+
[    1.686882] pciehp 0000:00:17.2:pcie004: Slot #226 AttnBtn+ PwrCtrl+ MRL- AttnInd- PwrInd- HotPlug+ Surprise- Interlock- NoCompl+ LLActRep+
[    1.687542] pciehp 0000:00:17.3:pcie004: Slot #227 AttnBtn+ PwrCtrl+ MRL- AttnInd- PwrInd- HotPlug+ Surprise- Interlock- NoCompl+ LLActRep+
[    1.688135] pciehp 0000:00:17.4:pcie004: Slot #228 AttnBtn+ PwrCtrl+ MRL- AttnInd- PwrInd- HotPlug+ Surprise- Interlock- NoCompl+ LLActRep+
[    1.688424] pciehp 0000:00:17.5:pcie004: Slot #229 AttnBtn+ PwrCtrl+ MRL- AttnInd- PwrInd- HotPlug+ Surprise- Interlock- NoCompl+ LLActRep+
[    1.688783] pciehp 0000:00:17.6:pcie004: Slot #230 AttnBtn+ PwrCtrl+ MRL- AttnInd- PwrInd- HotPlug+ Surprise- Interlock- NoCompl+ LLActRep+
[    1.689192] pciehp 0000:00:17.7:pcie004: Slot #231 AttnBtn+ PwrCtrl+ MRL- AttnInd- PwrInd- HotPlug+ Surprise- Interlock- NoCompl+ LLActRep+
[    1.689870] pciehp 0000:00:18.0:pcie004: Slot #256 AttnBtn+ PwrCtrl+ MRL- AttnInd- PwrInd- HotPlug+ Surprise- Interlock- NoCompl+ LLActRep+
[    1.690688] pciehp 0000:00:18.1:pcie004: Slot #257 AttnBtn+ PwrCtrl+ MRL- AttnInd- PwrInd- HotPlug+ Surprise- Interlock- NoCompl+ LLActRep+
[    1.691220] pciehp 0000:00:18.2:pcie004: Slot #258 AttnBtn+ PwrCtrl+ MRL- AttnInd- PwrInd- HotPlug+ Surprise- Interlock- NoCompl+ LLActRep+
[    1.692229] pciehp 0000:00:18.3:pcie004: Slot #259 AttnBtn+ PwrCtrl+ MRL- AttnInd- PwrInd- HotPlug+ Surprise- Interlock- NoCompl+ LLActRep+
[    1.692960] pciehp 0000:00:18.4:pcie004: Slot #260 AttnBtn+ PwrCtrl+ MRL- AttnInd- PwrInd- HotPlug+ Surprise- Interlock- NoCompl+ LLActRep+
[    1.693362] pciehp 0000:00:18.5:pcie004: Slot #261 AttnBtn+ PwrCtrl+ MRL- AttnInd- PwrInd- HotPlug+ Surprise- Interlock- NoCompl+ LLActRep+
[    1.693993] pciehp 0000:00:18.6:pcie004: Slot #262 AttnBtn+ PwrCtrl+ MRL- AttnInd- PwrInd- HotPlug+ Surprise- Interlock- NoCompl+ LLActRep+
[    1.694377] pciehp 0000:00:18.7:pcie004: Slot #263 AttnBtn+ PwrCtrl+ MRL- AttnInd- PwrInd- HotPlug+ Surprise- Interlock- NoCompl+ LLActRep+
[    1.694872] intel_idle: Please enable MWAIT in BIOS SETUP
[    1.695997] ACPI: AC Adapter [ACAD] (on-line)
[    1.696409] input: Power Button as /devices/LNXSYSTM:00/LNXPWRBN:00/input/input0
[    1.696628] ACPI: Power Button [PWRF]
[    1.697988] Serial: 8250/16550 driver, 32 ports, IRQ sharing enabled
[    1.725017] 00:05: ttyS0 at I/O 0x3f8 (irq = 4, base_baud = 115200) is a 16550A
[    1.730619] Linux agpgart interface v0.103
[    1.732421] agpgart-intel 0000:00:00.0: Intel 440BX Chipset
[    1.740111] agpgart-intel 0000:00:00.0: AGP aperture is 256M @ 0x0
[    1.750634] loop: module loaded
[    1.750783] ata_piix 0000:00:07.1: version 2.13
[    1.751362] scsi host0: ata_piix
[    1.751650] scsi host1: ata_piix
[    1.751724] ata1: PATA max UDMA/33 cmd 0x1f0 ctl 0x3f6 bmdma 0x1060 irq 14
[    1.751781] ata2: PATA max UDMA/33 cmd 0x170 ctl 0x376 bmdma 0x1068 irq 15
[    1.751974] libphy: Fixed MDIO Bus: probed
[    1.752043] tun: Universal TUN/TAP device driver, 1.6
[    1.752165] PPP generic driver version 2.4.2
[    1.752263] ehci_hcd: USB 2.0 'Enhanced' Host Controller (EHCI) Driver
[    1.752335] ehci-pci: EHCI PCI platform driver
[    1.753611] ehci-pci 0000:02:03.0: EHCI Host Controller
[    1.753666] ehci-pci 0000:02:03.0: new USB bus registered, assigned bus number 1
[    1.753969] ehci-pci 0000:02:03.0: cache line size of 64 is not supported
[    1.753985] ehci-pci 0000:02:03.0: irq 17, io mem 0xfd5ef000
[    1.768520] ehci-pci 0000:02:03.0: USB 2.0 started, EHCI 1.00
[    1.768644] usb usb1: New USB device found, idVendor=1d6b, idProduct=0002
[    1.768700] usb usb1: New USB device strings: Mfr=3, Product=2, SerialNumber=1
[    1.768759] usb usb1: Product: EHCI Host Controller
[    1.768800] usb usb1: Manufacturer: Linux 4.15.0-123-generic ehci_hcd
[    1.768850] usb usb1: SerialNumber: 0000:02:03.0
[    1.768985] hub 1-0:1.0: USB hub found
[    1.769024] hub 1-0:1.0: 6 ports detected
[    1.769230] ehci-platform: EHCI generic platform driver
[    1.769286] ohci_hcd: USB 1.1 'Open' Host Controller (OHCI) Driver
[    1.769338] ohci-pci: OHCI PCI platform driver
[    1.769389] ohci-platform: OHCI generic platform driver
[    1.769437] uhci_hcd: USB Universal Host Controller Interface driver
[    1.769996] uhci_hcd 0000:02:00.0: UHCI Host Controller
[    1.770047] uhci_hcd 0000:02:00.0: new USB bus registered, assigned bus number 2
[    1.770173] uhci_hcd 0000:02:00.0: detected 2 ports
[    1.770484] uhci_hcd 0000:02:00.0: irq 18, io base 0x00002080
[    1.770702] usb usb2: New USB device found, idVendor=1d6b, idProduct=0001
[    1.770759] usb usb2: New USB device strings: Mfr=3, Product=2, SerialNumber=1
[    1.770819] usb usb2: Product: UHCI Host Controller
[    1.770861] usb usb2: Manufacturer: Linux 4.15.0-123-generic uhci_hcd
[    1.770913] usb usb2: SerialNumber: 0000:02:00.0
[    1.771029] hub 2-0:1.0: USB hub found
[    1.771068] hub 2-0:1.0: 2 ports detected
[    1.771340] i8042: PNP: PS/2 Controller [PNP0303:KBC,PNP0f13:MOUS] at 0x60,0x64 irq 1,12
[    1.772786] serio: i8042 KBD port at 0x60,0x64 irq 1
[    1.773047] serio: i8042 AUX port at 0x60,0x64 irq 12
[    1.773239] mousedev: PS/2 mouse device common for all mice
[    1.797019] rtc_cmos 00:01: rtc core: registered rtc_cmos as rtc0
[    1.797236] rtc_cmos 00:01: alarms up to one month, y3k, 114 bytes nvram, hpet irqs
[    1.797418] i2c /dev entries driver
[    1.797647] device-mapper: uevent: version 1.0.3
[    1.797941] input: AT Translated Set 2 keyboard as /devices/platform/i8042/serio0/input/input1
[    1.798118] device-mapper: ioctl: 4.37.0-ioctl (2017-09-20) initialised: dm-devel@redhat.com
[    1.798565] ledtrig-cpu: registered to indicate activity on CPUs
[    1.800089] NET: Registered protocol family 10
[    1.809898] Segment Routing with IPv6
[    1.809964] NET: Registered protocol family 17
[    1.810161] Key type dns_resolver registered
[    1.810574] mce: Using 8 MCE banks
[    1.810634] RAS: Correctable Errors collector initialized.
[    1.810703] sched_clock: Marking stable (1810516069, 0)->(2057628972, -247112903)
[    1.811809] registered taskstats version 1
[    1.811861] Loading compiled-in X.509 certificates
[    1.814749] Loaded X.509 cert 'Build time autogenerated kernel key: 423d6fc95fe30468112015aeb92af84ef3acf368'
[    1.814863] zswap: loaded using pool lzo/zbud
[    1.821211] Key type big_key registered
[    1.821259] Key type trusted registered
[    1.825434] Key type encrypted registered
[    1.825598] AppArmor: AppArmor sha1 policy hashing enabled
[    1.825653] ima: No TPM chip found, activating TPM-bypass! (rc=-19)
[    1.825712] ima: Allocated hash algorithm: sha1
[    1.825773] evm: HMAC attrs: 0x1
[    1.834142]   Magic number: 12:895:944
[    1.834264] tty tty1: hash matches
[    1.835253] rtc_cmos 00:01: setting system clock to 2020-11-17 16:56:03 UTC (1605632163)
[    1.835615] BIOS EDD facility v0.16 2004-Jun-25, 0 devices found
[    1.835668] EDD information not available.
[    1.939187] Freeing unused kernel image memory: 2436K
[    1.952535] Write protecting the kernel read-only data: 20480k
[    1.953297] Freeing unused kernel image memory: 2008K
[    1.953734] Freeing unused kernel image memory: 1872K
[    1.960699] x86/mm: Checked W+X mappings: passed, no W+X pages found.
[    1.960789] x86/mm: Checking user space page tables
[    1.968688] x86/mm: Checked W+X mappings: passed, no W+X pages found.
[    2.104041] usb 2-1: new full-speed USB device number 2 using uhci_hcd
[    2.104113] usb 1-1: new high-speed USB device number 2 using ehci-pci
[    2.229286] Floppy drive(s): fd0 is 1.44M
[    2.252172] FDC 0 is a post-1991 82077
[    2.274803] usb 1-1: New USB device found, idVendor=0e0f, idProduct=000b
[    2.274892] usb 1-1: New USB device strings: Mfr=1, Product=2, SerialNumber=0
[    2.274975] usb 1-1: Product: VMware Virtual USB Video Device
[    2.275047] usb 1-1: Manufacturer: VMware, Inc.
[    2.286951] usb 2-1: New USB device found, idVendor=0e0f, idProduct=0003
[    2.287044] usb 2-1: New USB device strings: Mfr=1, Product=2, SerialNumber=0
[    2.287132] usb 2-1: Product: VMware Virtual USB Mouse
[    2.287192] usb 2-1: Manufacturer: VMware
[    2.420029] usb 2-2: new full-speed USB device number 3 using uhci_hcd
[    2.432654] piix4_smbus 0000:00:07.3: SMBus Host Controller not enabled!
[    2.440892] Fusion MPT base driver 3.04.20
[    2.440966] Copyright (c) 1999-2008 LSI Corporation
[    2.448989] e1000: Intel(R) PRO/1000 Network Driver - version 7.3.21-k8-NAPI
[    2.449085] e1000: Copyright (c) 1999-2006 Intel Corporation.
[    2.464703] Fusion MPT SPI Host driver 3.04.20
[    2.488483] input: VirtualPS/2 VMware VMMouse as /devices/platform/i8042/serio1/input/input4
[    2.489888] input: VirtualPS/2 VMware VMMouse as /devices/platform/i8042/serio1/input/input3
[    2.498454] mptbase: ioc0: Initiating bringup
[    2.582673] usb 2-2: New USB device found, idVendor=0e0f, idProduct=0002
[    2.582759] usb 2-2: New USB device strings: Mfr=1, Product=2, SerialNumber=0
[    2.582836] usb 2-2: Product: VMware Virtual USB Hub
[    2.582897] usb 2-2: Manufacturer: VMware, Inc.
[    2.587614] AVX2 version of gcm_enc/dec engaged.
[    2.587676] AES CTR mode by8 optimization enabled
[    2.587863] hub 2-2:1.0: USB hub found
[    2.592763] hub 2-2:1.0: 7 ports detected
[    2.616706] ioc0: LSI53C1030 B0: Capabilities={Initiator}
[    2.631614] tsc: Refined TSC clocksource calibration: 2700.078 MHz
[    2.631735] clocksource: tsc: mask: 0xffffffffffffffff max_cycles: 0x26eb8832d9d, max_idle_ns: 440795265318 ns
[    2.631981] clocksource: Switched to clocksource tsc
[    2.666108] hidraw: raw HID events driver (C) Jiri Kosina
[    2.674345] usbcore: registered new interface driver usbhid
[    2.674417] usbhid: USB HID core driver
[    2.681168] input: VMware VMware Virtual USB Mouse as /devices/pci0000:00/0000:00:11.0/0000:02:00.0/usb2/2-1/2-1:1.0/0003:0E0F:0003.0001/input/input5
[    2.683917] hid-generic 0003:0E0F:0003.0001: input,hidraw0: USB HID v1.10 Mouse [VMware VMware Virtual USB Mouse] on usb-0000:02:00.0-1/input0
[    2.882073] scsi host2: ioc0: LSI53C1030 B0, FwRev=01032920h, Ports=1, MaxQ=128, IRQ=17
[    2.904381] usb 2-2.1: new full-speed USB device number 4 using uhci_hcd
[    3.024344] usb 2-2.1: New USB device found, idVendor=0e0f, idProduct=0008
[    3.024427] usb 2-2.1: New USB device strings: Mfr=1, Product=2, SerialNumber=3
[    3.024503] usb 2-2.1: Product: Virtual Bluetooth Adapter
[    3.024559] usb 2-2.1: Manufacturer: VMware
[    3.024605] usb 2-2.1: SerialNumber: 000650268328
[    3.034726] e1000 0000:02:01.0 eth0: (PCI:66MHz:32-bit) 00:0c:29:5b:05:21
[    3.034797] e1000 0000:02:01.0 eth0: Intel(R) PRO/1000 Network Connection
[    3.034954] ahci 0000:02:05.0: version 3.0
[    3.036305] ahci 0000:02:05.0: AHCI 0001.0300 32 slots 30 ports 6 Gbps 0x3fffffff impl SATA mode
[    3.036416] ahci 0000:02:05.0: flags: 64bit ncq clo only 
[    3.048301] e1000 0000:02:01.0 ens33: renamed from eth0
[    3.048430] scsi host3: ahci
[    3.048727] scsi host4: ahci
[    3.048897] scsi host5: ahci
[    3.049061] scsi host6: ahci
[    3.049234] scsi host7: ahci
[    3.049400] scsi host8: ahci
[    3.049579] scsi host9: ahci
[    3.049736] scsi host10: ahci
[    3.049906] scsi host11: ahci
[    3.050066] scsi host12: ahci
[    3.050243] scsi host13: ahci
[    3.050406] scsi host14: ahci
[    3.050802] scsi host15: ahci
[    3.050996] scsi host16: ahci
[    3.051158] scsi host17: ahci
[    3.051330] scsi host18: ahci
[    3.051487] scsi host19: ahci
[    3.051647] scsi host20: ahci
[    3.051818] scsi host21: ahci
[    3.051979] scsi host22: ahci
[    3.053538] scsi 2:0:0:0: Direct-Access     VMware,  VMware Virtual S 1.0  PQ: 0 ANSI: 2
[    3.053854] [drm] DMA map mode: Using physical TTM page addresses.
[    3.054073] [drm] Capabilities:
[    3.054729] [drm]   Rect copy.
[    3.054760] [drm]   Cursor.
[    3.054787] [drm]   Cursor bypass.
[    3.054819] [drm]   Cursor bypass 2.
[    3.054851] [drm]   8bit emulation.
[    3.054883] [drm]   Alpha cursor.
[    3.054914] [drm]   3D.
[    3.054940] [drm]   Extended Fifo.
[    3.054971] [drm]   Multimon.
[    3.055000] [drm]   Pitchlock.
[    3.055029] [drm]   Irq mask.
[    3.055058] [drm]   Display Topology.
[    3.055091] [drm]   GMR.
[    3.055117] [drm]   Traces.
[    3.055198] [drm]   GMR2.
[    3.055236] [drm]   Screen Object 2.
[    3.055278] [drm]   Command Buffers.
[    3.055368] [drm]   Command Buffers 2.
[    3.055441] [drm]   Guest Backed Resources.
[    3.055492] [drm]   DX Features.
[    3.055537] [drm] Max GMR ids is 64
[    3.055583] [drm] Max number of GMR pages is 65536
[    3.055639] [drm] Max dedicated hypervisor surface memory is 0 kiB
[    3.055708] [drm] Maximum display memory size is 262144 kiB
[    3.055772] [drm] VRAM at 0xe8000000 size is 4096 kiB
[    3.055832] [drm] MMIO at 0xfe000000 size is 256 kiB
[    3.055892] [drm] global init.
[    3.056087] scsi host23: ahci
[    3.056272] [TTM] Zone  kernel: Available graphics memory: 2007928 kiB
[    3.056344] [TTM] Initializing pool allocator
[    3.056407] [TTM] Initializing DMA pool allocator
[    3.059838] [drm] Supports vblank timestamp caching Rev 2 (21.10.2013).
[    3.059918] [drm] No driver support for vblank timestamp query.
[    3.060595] [drm] Screen Target Display device initialized
[    3.060740] [drm] width 640
[    3.060791] [drm] height 480
[    3.061061] [drm] bpp 32
[    3.061094] scsi host24: ahci
